Archive member included to satisfy reference by file (symbol)

.\CortexM3\ARM_GCC_541\Debug\ZumoBot.a(PWM.o)
                              .\CortexM3\ARM_GCC_541\Debug\Motor.o (PWM_Stop)
.\CortexM3\ARM_GCC_541\Debug\ZumoBot.a(I2C.o)
                              .\CortexM3\ARM_GCC_541\Debug\Nunchuk.o (I2C_Start)
.\CortexM3\ARM_GCC_541\Debug\ZumoBot.a(I2C_INT.o)
                              .\CortexM3\ARM_GCC_541\Debug\ZumoBot.a(I2C.o) (I2C_ISR)
.\CortexM3\ARM_GCC_541\Debug\ZumoBot.a(I2C_PM.o)
                              .\CortexM3\ARM_GCC_541\Debug\ZumoBot.a(I2C.o) (I2C_backup)
.\CortexM3\ARM_GCC_541\Debug\ZumoBot.a(I2C_MASTER.o)
                              .\CortexM3\ARM_GCC_541\Debug\I2C_made.o (I2C_MasterWriteBuf)
.\CortexM3\ARM_GCC_541\Debug\ZumoBot.a(UART_1.o)
                              .\CortexM3\ARM_GCC_541\Debug\main.o (UART_1_Start)
.\CortexM3\ARM_GCC_541\Debug\ZumoBot.a(MotorDirLeft.o)
                              .\CortexM3\ARM_GCC_541\Debug\Motor.o (MotorDirLeft_Write)
.\CortexM3\ARM_GCC_541\Debug\ZumoBot.a(MotorDirRight.o)
                              .\CortexM3\ARM_GCC_541\Debug\Motor.o (MotorDirRight_Write)
.\CortexM3\ARM_GCC_541\Debug\ZumoBot.a(L3.o)
                              .\CortexM3\ARM_GCC_541\Debug\Reflectance.o (L3_Write)
.\CortexM3\ARM_GCC_541\Debug\ZumoBot.a(Timer_L3.o)
                              .\CortexM3\ARM_GCC_541\Debug\Reflectance.o (Timer_L3_ReadStatusRegister)
.\CortexM3\ARM_GCC_541\Debug\ZumoBot.a(Timer_R3.o)
                              .\CortexM3\ARM_GCC_541\Debug\Reflectance.o (Timer_R3_ReadStatusRegister)
.\CortexM3\ARM_GCC_541\Debug\ZumoBot.a(IR_led.o)
                              .\CortexM3\ARM_GCC_541\Debug\Reflectance.o (IR_led_Write)
.\CortexM3\ARM_GCC_541\Debug\ZumoBot.a(Timer_R1.o)
                              .\CortexM3\ARM_GCC_541\Debug\Reflectance.o (Timer_R1_ReadStatusRegister)
.\CortexM3\ARM_GCC_541\Debug\ZumoBot.a(R1.o)
                              .\CortexM3\ARM_GCC_541\Debug\Reflectance.o (R1_Write)
.\CortexM3\ARM_GCC_541\Debug\ZumoBot.a(R3.o)
                              .\CortexM3\ARM_GCC_541\Debug\Reflectance.o (R3_Write)
.\CortexM3\ARM_GCC_541\Debug\ZumoBot.a(Timer_L1.o)
                              .\CortexM3\ARM_GCC_541\Debug\Reflectance.o (Timer_L1_ReadStatusRegister)
.\CortexM3\ARM_GCC_541\Debug\ZumoBot.a(L1.o)
                              .\CortexM3\ARM_GCC_541\Debug\Reflectance.o (L1_Write)
.\CortexM3\ARM_GCC_541\Debug\ZumoBot.a(ADC_Battery.o)
                              .\CortexM3\ARM_GCC_541\Debug\main.o (ADC_Battery_Start)
.\CortexM3\ARM_GCC_541\Debug\ZumoBot.a(ADC_Battery_INT.o)
                              .\CortexM3\ARM_GCC_541\Debug\ZumoBot.a(ADC_Battery.o) (ADC_Battery_ISR)
.\CortexM3\ARM_GCC_541\Debug\ZumoBot.a(BatteryLed.o)
                              .\CortexM3\ARM_GCC_541\Debug\main.o (BatteryLed_Write)
.\CortexM3\ARM_GCC_541\Debug\ZumoBot.a(IR_receiver.o)
                              .\CortexM3\ARM_GCC_541\Debug\IR.o (IR_receiver_Read)
.\CortexM3\ARM_GCC_541\Debug\ZumoBot.a(Trig.o)
                              .\CortexM3\ARM_GCC_541\Debug\Ultra.o (Trig_Write)
.\CortexM3\ARM_GCC_541\Debug\ZumoBot.a(Timer.o)
                              .\CortexM3\ARM_GCC_541\Debug\Ultra.o (Timer_ReadStatusRegister)
.\CortexM3\ARM_GCC_541\Debug\ZumoBot.a(Echo.o)
                              .\CortexM3\ARM_GCC_541\Debug\Ultra.o (Echo_Read)
.\CortexM3\ARM_GCC_541\Debug\ZumoBot.a(ultra_isr.o)
                              .\CortexM3\ARM_GCC_541\Debug\Ultra.o (ultra_isr_StartEx)
.\CortexM3\ARM_GCC_541\Debug\ZumoBot.a(Buzzer_PWM.o)
                              .\CortexM3\ARM_GCC_541\Debug\Beep.o (Buzzer_PWM_Stop)
.\CortexM3\ARM_GCC_541\Debug\ZumoBot.a(IR_isr.o)
                              .\CortexM3\ARM_GCC_541\Debug\IR.o (IR_isr_StartEx)
.\CortexM3\ARM_GCC_541\Debug\ZumoBot.a(Timer_IR.o)
                              .\CortexM3\ARM_GCC_541\Debug\IR.o (Timer_IR_ReadStatusRegister)
.\CortexM3\ARM_GCC_541\Debug\ZumoBot.a(Timer_R2.o)
                              .\CortexM3\ARM_GCC_541\Debug\Reflectance.o (Timer_R2_ReadStatusRegister)
.\CortexM3\ARM_GCC_541\Debug\ZumoBot.a(Timer_L2.o)
                              .\CortexM3\ARM_GCC_541\Debug\Reflectance.o (Timer_L2_ReadStatusRegister)
.\CortexM3\ARM_GCC_541\Debug\ZumoBot.a(L2.o)
                              .\CortexM3\ARM_GCC_541\Debug\Reflectance.o (L2_Write)
.\CortexM3\ARM_GCC_541\Debug\ZumoBot.a(R2.o)
                              .\CortexM3\ARM_GCC_541\Debug\Reflectance.o (R2_Write)
.\CortexM3\ARM_GCC_541\Debug\ZumoBot.a(Control_Reg_1.o)
                              .\CortexM3\ARM_GCC_541\Debug\Reflectance.o (Control_Reg_1_Write)
.\CortexM3\ARM_GCC_541\Debug\ZumoBot.a(UART_1_IntClock.o)
                              .\CortexM3\ARM_GCC_541\Debug\ZumoBot.a(UART_1.o) (UART_1_IntClock_Start)
.\CortexM3\ARM_GCC_541\Debug\ZumoBot.a(ADC_Battery_theACLK.o)
[...]
Memory Configuration

Name             Origin             Length             Attributes
rom              0x00000000         0x00040000         xr
ram              0x1fff8000         0x00010000         xrw
*default*        0x00000000         0xffffffff

Linker script and memory map

LOAD c:/program files (x86)/cypress/psoc creator/4.2/psoc creator/import/gnu/arm/5.4.1/bin/../lib/gcc/arm-none-eabi/5.4.1/armv7-m/crti.o
LOAD c:/program files (x86)/cypress/psoc creator/4.2/psoc creator/import/gnu/arm/5.4.1/bin/../lib/gcc/arm-none-eabi/5.4.1/armv7-m/crtbegin.o
LOAD c:/program files (x86)/cypress/psoc creator/4.2/psoc creator/import/gnu/arm/5.4.1/bin/../lib/gcc/arm-none-eabi/5.4.1/../../../../arm-none-eabi/lib/armv7-m/crt0.o
START GROUP
LOAD .\CortexM3\ARM_GCC_541\Debug\Accel.o
LOAD .\CortexM3\ARM_GCC_541\Debug\Ambient.o
LOAD .\CortexM3\ARM_GCC_541\Debug\Beep.o
LOAD .\CortexM3\ARM_GCC_541\Debug\Gyro.o
LOAD .\CortexM3\ARM_GCC_541\Debug\I2C_made.o
LOAD .\CortexM3\ARM_GCC_541\Debug\IR.o
LOAD .\CortexM3\ARM_GCC_541\Debug\Magnet.o
LOAD .\CortexM3\ARM_GCC_541\Debug\Motor.o
LOAD .\CortexM3\ARM_GCC_541\Debug\Nunchuk.o
LOAD .\CortexM3\ARM_GCC_541\Debug\Reflectance.o
LOAD .\CortexM3\ARM_GCC_541\Debug\Ultra.o
LOAD .\CortexM3\ARM_GCC_541\Debug\Systick.o
LOAD .\CortexM3\ARM_GCC_541\Debug\Retarget.o
LOAD .\CortexM3\ARM_GCC_541\Debug\main.o
LOAD .\CortexM3\ARM_GCC_541\Debug\cyfitter_cfg.o
LOAD .\CortexM3\ARM_GCC_541\Debug\cymetadata.o
LOAD .\CortexM3\ARM_GCC_541\Debug\Cm3Start.o
LOAD .\CortexM3\ARM_GCC_541\Debug\ZumoBot.a
LOAD C:\Program Files (x86)\Cypress\PSoC Creator\4.2\PSoC Creator\psoc\content\cycomponentlibrary\CyComponentLibrary.cylib\CortexM3\ARM_GCC_541\Debug\CyComponentLibrary.a
LOAD c:/program files (x86)/cypress/psoc creator/4.2/psoc creator/import/gnu/arm/5.4.1/bin/../lib/gcc/arm-none-eabi/5.4.1/../../../../arm-none-eabi/lib/armv7-m\libm.a
END GROUP
START GROUP
LOAD c:/program files (x86)/cypress/psoc creator/4.2/psoc creator/import/gnu/arm/5.4.1/bin/../lib/gcc/arm-none-eabi/5.4.1/armv7-m\libgcc.a
LOAD c:/program files (x86)/cypress/psoc creator/4.2/psoc creator/import/gnu/arm/5.4.1/bin/../lib/gcc/arm-none-eabi/5.4.1/../../../../arm-none-eabi/lib/armv7-m\libg.a
LOAD c:/program files (x86)/cypress/psoc creator/4.2/psoc creator/import/gnu/arm/5.4.1/bin/../lib/gcc/arm-none-eabi/5.4.1/../../../../arm-none-eabi/lib/armv7-m\libc.a
END GROUP
LOAD c:/program files (x86)/cypress/psoc creator/4.2/psoc creator/import/gnu/arm/5.4.1/bin/../lib/gcc/arm-none-eabi/5.4.1/armv7-m/crtend.o
LOAD c:/program files (x86)/cypress/psoc creator/4.2/psoc creator/import/gnu/arm/5.4.1/bin/../lib/gcc/arm-none-eabi/5.4.1/armv7-m/crtn.o
START GROUP
LOAD c:/program files (x86)/cypress/psoc creator/4.2/psoc creator/import/gnu/arm/5.4.1/bin/../lib/gcc/arm-none-eabi/5.4.1/armv7-m\libgcc.a
LOAD c:/program files (x86)/cypress/psoc creator/4.2/psoc creator/import/gnu/arm/5.4.1/bin/../lib/gcc/arm-none-eabi/5.4.1/../../../../arm-none-eabi/lib/armv7-m\libc.a
LOAD c:/program files (x86)/cypress/psoc creator/4.2/psoc creator/import/gnu/arm/5.4.1/bin/../lib/gcc/arm-none-eabi/5.4.1/../../../../arm-none-eabi/lib/armv7-m\libnosys.a
END GROUP
                0x00000000                CY_APPL_ORIGIN = 0x0
                0x00000100                CY_FLASH_ROW_SIZE = 0x100
                0x00000020                CY_ECC_ROW_SIZE = 0x20
                0x00000000                CY_EE_IN_BTLDR = 0x0
                0x00000000                CY_APPL_LOADABLE = 0x0
                0x00000800                CY_EE_SIZE = 0x800
                0x00000001                CY_APPL_NUM = 0x1
                0x00000001                CY_APPL_MAX = 0x1
                0x00000040                CY_METADATA_SIZE = 0x40
                0x00000000                CY_APPL_LOADABLE = 0x0
                0x00000000                CY_CHECKSUM_EXCLUDE_SIZE = ALIGN (0x0, CY_FLASH_ROW_SIZE)
                [!provide]                PROVIDE (__cy_heap_start, _end)
                0x00000001                PROVIDE (__cy_region_num, ((__cy_regions_end - __cy_regions) / 0x10))
                0x20008000                PROVIDE (__cy_stack, (ORIGIN (ram) + LENGTH (ram)))
                [!provide]                PROVIDE (__cy_heap_end, (__cy_stack - 0x800))

.cybootloader   0x00000000        0x0
 *(.cybootloader)
                0x00000000                appl1_start = CY_APPL_ORIGIN?CY_APPL_ORIGIN:ALIGN (CY_FLASH_ROW_SIZE)
                0x0001ff00                appl2_start = (appl1_start + ALIGN ((((LENGTH (rom) - appl1_start) - (0x2 * CY_FLASH_ROW_SIZE)) / 0x2), CY_FLASH_ROW_SIZE))
                0x00000000                appl_start = (CY_APPL_NUM == 0x1)?appl1_start:appl2_start
                0x00000000                ecc_offset = ((appl_start / CY_FLASH_ROW_SIZE) * CY_ECC_ROW_SIZE)
                0x00000000                ee_offset = (CY_APPL_LOADABLE && ! (CY_EE_IN_BTLDR))?((CY_EE_SIZE / CY_APPL_MAX) * (CY_APPL_NUM - 0x1)):0x0
                0x00000800                ee_size = (CY_APPL_LOADABLE && ! (CY_EE_IN_BTLDR))?(CY_EE_SIZE / CY_APPL_MAX):CY_EE_SIZE
                [!provide]                PROVIDE (CY_ECC_OFFSET, ecc_offset)

.text           0x00000000     0x6db4
 CREATE_OBJECT_SYMBOLS
                0x00000000                PROVIDE (__cy_interrupt_vector, RomVectors)
 *(.romvectors)
 .romvectors    0x00000000       0x10 .\CortexM3\ARM_GCC_541\Debug\Cm3Start.o
                0x00000000                RomVectors
                0x00000001                ASSERT ((. != __cy_interrupt_vector), No interrupt vector)
                0x00000001                ASSERT (CY_APPL_ORIGIN?(SIZEOF (.cybootloader) <= CY_APPL_ORIGIN):0x1, Wrong image location)
                0x00000010                PROVIDE (__cy_reset, Reset)
 *(.text.Reset)
 .text.Reset    0x00000010       0x18 .\CortexM3\ARM_GCC_541\Debug\Cm3Start.o
                0x00000010                Reset
                0x00000001                ASSERT ((. != __cy_reset), No reset code)
 *(.dma_init)
                0x00000001                ASSERT ((((appl_start + .) <= 0x10000) || 0x1), DMA Init must be within the first 64k of flash)
 *(.text .text.* .gnu.linkonce.t.*)
 .text          0x00000028       0x5c c:/program files (x86)/cypress/psoc creator/4.2/psoc creator/import/gnu/arm/5.4.1/bin/../lib/gcc/arm-none-eabi/5.4.1/armv7-m/crtbegin.o
 .text.motor_start
                0x00000084        0x8 .\CortexM3\ARM_GCC_541\Debug\Motor.o
                0x00000084                motor_start
 .text.motor_stop
                0x0000008c        0x8 .\CortexM3\ARM_GCC_541\Debug\Motor.o
                0x0000008c                motor_stop
 .text.reflectance_handler
                0x00000094      0x1c4 .\CortexM3\ARM_GCC_541\Debug\Reflectance.o
                0x00000094                reflectance_handler
 .text.ultrasonic_handler
                0x00000258       0x40 .\CortexM3\ARM_GCC_541\Debug\Ultra.o
                0x00000258                ultrasonic_handler
 .text.USER_ISR
                0x00000298       0x18 .\CortexM3\ARM_GCC_541\Debug\Systick.o
                0x00000298                USER_ISR
 .text.Systick_Start
                0x000002b0       0x40 .\CortexM3\ARM_GCC_541\Debug\Systick.o
                0x000002b0                Systick_Start
 .text._write   0x000002f0       0x2c .\CortexM3\ARM_GCC_541\Debug\Retarget.o
                0x000002f0                _write
 .text._read    0x0000031c       0xbc .\CortexM3\ARM_GCC_541\Debug\Retarget.o
                0x0000031c                _read
 .text.main     0x000003d8       0xdc .\CortexM3\ARM_GCC_541\Debug\main.o
                0x000003d8                main
 .text.CyClockStartupError
                0x000004b4        0x4 .\CortexM3\ARM_GCC_541\Debug\cyfitter_cfg.o
 .text.cfg_write_bytes32
                0x000004b8       0x34 .\CortexM3\ARM_GCC_541\Debug\cyfitter_cfg.o
 .text.CYMEMZERO
                0x000004ec        0xc .\CortexM3\ARM_GCC_541\Debug\cyfitter_cfg.o
 .text.AnalogSetDefault
                0x000004f8       0x80 .\CortexM3\ARM_GCC_541\Debug\cyfitter_cfg.o
 .text.CYCONFIGCPY
                0x00000578        0x8 .\CortexM3\ARM_GCC_541\Debug\cyfitter_cfg.o
 .text.ClockSetup
                0x00000580      0x160 .\CortexM3\ARM_GCC_541\Debug\cyfitter_cfg.o
 .text.cyfitter_cfg
                0x000006e0      0x144 .\CortexM3\ARM_GCC_541\Debug\cyfitter_cfg.o
                0x000006e0                cyfitter_cfg
 .text.IntDefaultHandler
                0x00000824       0x10 .\CortexM3\ARM_GCC_541\Debug\Cm3Start.o
                0x00000824                IntDefaultHandler
 .text._sbrk    0x00000834       0x30 .\CortexM3\ARM_GCC_541\Debug\Cm3Start.o
                0x00000834                _sbrk
 .text.Start_c  0x00000864       0x4c .\CortexM3\ARM_GCC_541\Debug\Cm3Start.o
                0x00000864                Start_c
 .text.initialize_psoc
                0x000008b0       0x68 .\CortexM3\ARM_GCC_541\Debug\Cm3Start.o
                0x000008b0                initialize_psoc
 .text.PWM_Enable
                0x00000918       0x10 .\CortexM3\ARM_GCC_541\Debug\ZumoBot.a(PWM.o)
                0x00000918                PWM_Enable
 .text.PWM_Stop
                0x00000928       0x10 .\CortexM3\ARM_GCC_541\Debug\ZumoBot.a(PWM.o)
                0x00000928                PWM_Stop
 .text.PWM_WriteCounter
                0x00000938        0xc .\CortexM3\ARM_GCC_541\Debug\ZumoBot.a(PWM.o)
                0x00000938                PWM_WriteCounter
 .text.PWM_WritePeriod
                0x00000944        0xc .\CortexM3\ARM_GCC_541\Debug\ZumoBot.a(PWM.o)
                0x00000944                PWM_WritePeriod
 .text.PWM_WriteCompare1
                0x00000950        0xc .\CortexM3\ARM_GCC_541\Debug\ZumoBot.a(PWM.o)
                0x00000950                PWM_WriteCompare1
 .text.PWM_WriteCompare2
                0x0000095c        0xc .\CortexM3\ARM_GCC_541\Debug\ZumoBot.a(PWM.o)
                0x0000095c                PWM_WriteCompare2
 .text.PWM_SetInterruptMode
                0x00000968        0xc .\CortexM3\ARM_GCC_541\Debug\ZumoBot.a(PWM.o)
                0x00000968                PWM_SetInterruptMode
 .text.PWM_ReadStatusRegister
                0x00000974        0xc .\CortexM3\ARM_GCC_541\Debug\ZumoBot.a(PWM.o)
                0x00000974                PWM_ReadStatusRegister
 .text.PWM_ReadCapture
                0x00000980        0xc .\CortexM3\ARM_GCC_541\Debug\ZumoBot.a(PWM.o)
                0x00000980                PWM_ReadCapture
 .text.PWM_ClearFIFO
                0x0000098c       0x14 .\CortexM3\ARM_GCC_541\Debug\ZumoBot.a(PWM.o)
                0x0000098c                PWM_ClearFIFO
 .text.PWM_Init
                0x000009a0       0x58 .\CortexM3\ARM_GCC_541\Debug\ZumoBot.a(PWM.o)
                0x000009a0                PWM_Init
 .text.PWM_Start
                0x000009f8       0x1c .\CortexM3\ARM_GCC_541\Debug\ZumoBot.a(PWM.o)
                0x000009f8                PWM_Start
 .text.UART_1_Init
                0x00000a14       0x24 .\CortexM3\ARM_GCC_541\Debug\ZumoBot.a(UART_1.o)
                0x00000a14                UART_1_Init
 .text.UART_1_Enable
                0x00000a38       0x38 .\CortexM3\ARM_GCC_541\Debug\ZumoBot.a(UART_1.o)
                0x00000a38                UART_1_Enable
 .text.UART_1_Start
                0x00000a70       0x1c .\CortexM3\ARM_GCC_541\Debug\ZumoBot.a(UART_1.o)
                0x00000a70                UART_1_Start
 .text.UART_1_GetChar
                0x00000a8c       0x2c .\CortexM3\ARM_GCC_541\Debug\ZumoBot.a(UART_1.o)
                0x00000a8c                UART_1_GetChar
 .text.UART_1_PutChar
                0x00000ab8       0x18 .\CortexM3\ARM_GCC_541\Debug\ZumoBot.a(UART_1.o)
                0x00000ab8                UART_1_PutChar
 .text.MotorDirLeft_Write
                0x00000ad0       0x18 .\CortexM3\ARM_GCC_541\Debug\ZumoBot.a(MotorDirLeft.o)
                0x00000ad0                MotorDirLeft_Write
 .text.MotorDirRight_Write
                0x00000ae8       0x18 .\CortexM3\ARM_GCC_541\Debug\ZumoBot.a(MotorDirRight.o)
                0x00000ae8                MotorDirRight_Write
 .text.L3_Write
                0x00000b00       0x18 .\CortexM3\ARM_GCC_541\Debug\ZumoBot.a(L3.o)
                0x00000b00                L3_Write
 .text.L3_SetDriveMode
                0x00000b18       0x18 .\CortexM3\ARM_GCC_541\Debug\ZumoBot.a(L3.o)
                0x00000b18                L3_SetDriveMode
 .text.Timer_L3_ReadStatusRegister
                0x00000b30        0xc .\CortexM3\ARM_GCC_541\Debug\ZumoBot.a(Timer_L3.o)
                0x00000b30                Timer_L3_ReadStatusRegister
 .text.Timer_L3_ReadPeriod
                0x00000b3c        0xc .\CortexM3\ARM_GCC_541\Debug\ZumoBot.a(Timer_L3.o)
                0x00000b3c                Timer_L3_ReadPeriod
 .text.Timer_L3_ReadCapture
                0x00000b48        0xc .\CortexM3\ARM_GCC_541\Debug\ZumoBot.a(Timer_L3.o)
                0x00000b48                Timer_L3_ReadCapture
 .text.Timer_L3_ReadCounter
                0x00000b54       0x14 .\CortexM3\ARM_GCC_541\Debug\ZumoBot.a(Timer_L3.o)
                0x00000b54                Timer_L3_ReadCounter
 .text.Timer_R3_ReadStatusRegister
                0x00000b68        0xc .\CortexM3\ARM_GCC_541\Debug\ZumoBot.a(Timer_R3.o)
                0x00000b68                Timer_R3_ReadStatusRegister
 .text.Timer_R3_ReadPeriod
                0x00000b74        0xc .\CortexM3\ARM_GCC_541\Debug\ZumoBot.a(Timer_R3.o)
                0x00000b74                Timer_R3_ReadPeriod
 .text.Timer_R3_ReadCapture
                0x00000b80        0xc .\CortexM3\ARM_GCC_541\Debug\ZumoBot.a(Timer_R3.o)
                0x00000b80                Timer_R3_ReadCapture
 .text.Timer_R3_ReadCounter
                0x00000b8c       0x14 .\CortexM3\ARM_GCC_541\Debug\ZumoBot.a(Timer_R3.o)
                0x00000b8c                Timer_R3_ReadCounter
 .text.Timer_R1_ReadStatusRegister
                0x00000ba0        0xc .\CortexM3\ARM_GCC_541\Debug\ZumoBot.a(Timer_R1.o)
                0x00000ba0                Timer_R1_ReadStatusRegister
 .text.Timer_R1_ReadPeriod
                0x00000bac        0xc .\CortexM3\ARM_GCC_541\Debug\ZumoBot.a(Timer_R1.o)
                0x00000bac                Timer_R1_ReadPeriod
 .text.Timer_R1_ReadCapture
                0x00000bb8        0xc .\CortexM3\ARM_GCC_541\Debug\ZumoBot.a(Timer_R1.o)
                0x00000bb8                Timer_R1_ReadCapture
 .text.Timer_R1_ReadCounter
                0x00000bc4       0x14 .\CortexM3\ARM_GCC_541\Debug\ZumoBot.a(Timer_R1.o)
                0x00000bc4                Timer_R1_ReadCounter
 .text.R1_Write
                0x00000bd8       0x18 .\CortexM3\ARM_GCC_541\Debug\ZumoBot.a(R1.o)
                0x00000bd8                R1_Write
 .text.R1_SetDriveMode
                0x00000bf0       0x18 .\CortexM3\ARM_GCC_541\Debug\ZumoBot.a(R1.o)
                0x00000bf0                R1_SetDriveMode
 .text.R3_Write
                0x00000c08       0x18 .\CortexM3\ARM_GCC_541\Debug\ZumoBot.a(R3.o)
                0x00000c08                R3_Write
 .text.R3_SetDriveMode
                0x00000c20       0x18 .\CortexM3\ARM_GCC_541\Debug\ZumoBot.a(R3.o)
                0x00000c20                R3_SetDriveMode
 .text.Timer_L1_ReadStatusRegister
                0x00000c38        0xc .\CortexM3\ARM_GCC_541\Debug\ZumoBot.a(Timer_L1.o)
                0x00000c38                Timer_L1_ReadStatusRegister
 .text.Timer_L1_ReadPeriod
                0x00000c44        0xc .\CortexM3\ARM_GCC_541\Debug\ZumoBot.a(Timer_L1.o)
                0x00000c44                Timer_L1_ReadPeriod
 .text.Timer_L1_ReadCapture
                0x00000c50        0xc .\CortexM3\ARM_GCC_541\Debug\ZumoBot.a(Timer_L1.o)
                0x00000c50                Timer_L1_ReadCapture
 .text.Timer_L1_ReadCounter
                0x00000c5c       0x14 .\CortexM3\ARM_GCC_541\Debug\ZumoBot.a(Timer_L1.o)
                0x00000c5c                Timer_L1_ReadCounter
 .text.L1_Write
                0x00000c70       0x18 .\CortexM3\ARM_GCC_541\Debug\ZumoBot.a(L1.o)
                0x00000c70                L1_Write
 .text.L1_SetDriveMode
                0x00000c88       0x18 .\CortexM3\ARM_GCC_541\Debug\ZumoBot.a(L1.o)
                0x00000c88                L1_SetDriveMode
 .text.ADC_Battery_CalcGain
                0x00000ca0       0x64 .\CortexM3\ARM_GCC_541\Debug\ZumoBot.a(ADC_Battery.o)
 .text.ADC_Battery_Enable
                0x00000d04       0x94 .\CortexM3\ARM_GCC_541\Debug\ZumoBot.a(ADC_Battery.o)
                0x00000d04                ADC_Battery_Enable
 .text.ADC_Battery_SetResolution
                0x00000d98       0x38 .\CortexM3\ARM_GCC_541\Debug\ZumoBot.a(ADC_Battery.o)
                0x00000d98                ADC_Battery_SetResolution
 .text.ADC_Battery_Init
                0x00000dd0       0x3c .\CortexM3\ARM_GCC_541\Debug\ZumoBot.a(ADC_Battery.o)
                0x00000dd0                ADC_Battery_Init
 .text.ADC_Battery_Start
                0x00000e0c       0x1c .\CortexM3\ARM_GCC_541\Debug\ZumoBot.a(ADC_Battery.o)
                0x00000e0c                ADC_Battery_Start
 .text.ADC_Battery_StartConvert
                0x00000e28       0x10 .\CortexM3\ARM_GCC_541\Debug\ZumoBot.a(ADC_Battery.o)
                0x00000e28                ADC_Battery_StartConvert
 .text.ADC_Battery_IsEndConversion
                0x00000e38       0x24 .\CortexM3\ARM_GCC_541\Debug\ZumoBot.a(ADC_Battery.o)
                0x00000e38                ADC_Battery_IsEndConversion
 .text.ADC_Battery_GetResult16
                0x00000e5c       0x18 .\CortexM3\ARM_GCC_541\Debug\ZumoBot.a(ADC_Battery.o)
                0x00000e5c                ADC_Battery_GetResult16
 .text.ADC_Battery_ISR
                0x00000e74        0x4 .\CortexM3\ARM_GCC_541\Debug\ZumoBot.a(ADC_Battery_INT.o)
                0x00000e74                ADC_Battery_ISR
 .text.BatteryLed_Write
                0x00000e78       0x18 .\CortexM3\ARM_GCC_541\Debug\ZumoBot.a(BatteryLed.o)
                0x00000e78                BatteryLed_Write
 .text.Trig_Write
                0x00000e90       0x18 .\CortexM3\ARM_GCC_541\Debug\ZumoBot.a(Trig.o)
                0x00000e90                Trig_Write
 .text.Echo_Read
                0x00000ea8       0x10 .\CortexM3\ARM_GCC_541\Debug\ZumoBot.a(Echo.o)
                0x00000ea8                Echo_Read
 .text.Timer_R2_ReadStatusRegister
                0x00000eb8        0xc .\CortexM3\ARM_GCC_541\Debug\ZumoBot.a(Timer_R2.o)
                0x00000eb8                Timer_R2_ReadStatusRegister
 .text.Timer_R2_ReadPeriod
                0x00000ec4        0xc .\CortexM3\ARM_GCC_541\Debug\ZumoBot.a(Timer_R2.o)
                0x00000ec4                Timer_R2_ReadPeriod
 .text.Timer_R2_ReadCapture
                0x00000ed0        0xc .\CortexM3\ARM_GCC_541\Debug\ZumoBot.a(Timer_R2.o)
                0x00000ed0                Timer_R2_ReadCapture
 .text.Timer_R2_ReadCounter
                0x00000edc       0x14 .\CortexM3\ARM_GCC_541\Debug\ZumoBot.a(Timer_R2.o)
                0x00000edc                Timer_R2_ReadCounter
 .text.Timer_L2_ReadStatusRegister
                0x00000ef0        0xc .\CortexM3\ARM_GCC_541\Debug\ZumoBot.a(Timer_L2.o)
                0x00000ef0                Timer_L2_ReadStatusRegister
 .text.Timer_L2_ReadPeriod
                0x00000efc        0xc .\CortexM3\ARM_GCC_541\Debug\ZumoBot.a(Timer_L2.o)
                0x00000efc                Timer_L2_ReadPeriod
 .text.Timer_L2_ReadCapture
                0x00000f08        0xc .\CortexM3\ARM_GCC_541\Debug\ZumoBot.a(Timer_L2.o)
                0x00000f08                Timer_L2_ReadCapture
 .text.Timer_L2_ReadCounter
                0x00000f14       0x14 .\CortexM3\ARM_GCC_541\Debug\ZumoBot.a(Timer_L2.o)
                0x00000f14                Timer_L2_ReadCounter
 .text.L2_Write
                0x00000f28       0x18 .\CortexM3\ARM_GCC_541\Debug\ZumoBot.a(L2.o)
                0x00000f28                L2_Write
 .text.L2_SetDriveMode
                0x00000f40       0x18 .\CortexM3\ARM_GCC_541\Debug\ZumoBot.a(L2.o)
                0x00000f40                L2_SetDriveMode
 .text.R2_Write
                0x00000f58       0x18 .\CortexM3\ARM_GCC_541\Debug\ZumoBot.a(R2.o)
                0x00000f58                R2_Write
 .text.R2_SetDriveMode
                0x00000f70       0x18 .\CortexM3\ARM_GCC_541\Debug\ZumoBot.a(R2.o)
                0x00000f70                R2_SetDriveMode
 .text.Control_Reg_1_Write
                0x00000f88        0xc .\CortexM3\ARM_GCC_541\Debug\ZumoBot.a(Control_Reg_1.o)
                0x00000f88                Control_Reg_1_Write
 .text.UART_1_IntClock_Start
                0x00000f94       0x1c .\CortexM3\ARM_GCC_541\Debug\ZumoBot.a(UART_1_IntClock.o)
                0x00000f94                UART_1_IntClock_Start
 .text.ADC_Battery_theACLK_SetModeRegister
                0x00000fb0       0x14 .\CortexM3\ARM_GCC_541\Debug\ZumoBot.a(ADC_Battery_theACLK.o)
                0x00000fb0                ADC_Battery_theACLK_SetModeRegister
 .text.CyHalt   0x00000fc4        0x4 .\CortexM3\ARM_GCC_541\Debug\ZumoBot.a(CyLib.o)
                0x00000fc4                CyHalt
 .text.CyDelay  0x00000fc8       0x2c .\CortexM3\ARM_GCC_541\Debug\ZumoBot.a(CyLib.o)
                0x00000fc8                CyDelay
 .text.CyDelayUs
                0x00000ff4       0x14 .\CortexM3\ARM_GCC_541\Debug\ZumoBot.a(CyLib.o)
                0x00000ff4                CyDelayUs
 .text.CyIntSetSysVector
                0x00001008       0x28 .\CortexM3\ARM_GCC_541\Debug\ZumoBot.a(CyLib.o)
                0x00001008                CyIntSetSysVector
 .text.CyIntSetVector
                0x00001030       0x28 .\CortexM3\ARM_GCC_541\Debug\ZumoBot.a(CyLib.o)
                0x00001030                CyIntSetVector
 .text.CyIntSetPriority
                0x00001058       0x30 .\CortexM3\ARM_GCC_541\Debug\ZumoBot.a(CyLib.o)
                0x00001058                CyIntSetPriority
 .text          0x00001088       0x20 .\CortexM3\ARM_GCC_541\Debug\ZumoBot.a(CyBootAsmGnu.o)
                0x00001088                CyDelayCycles
                0x00001098                CyEnterCriticalSection
                0x000010a0                CyExitCriticalSection
 .text          0x000010a8      0x370 c:/program files (x86)/cypress/psoc creator/4.2/psoc creator/import/gnu/arm/5.4.1/bin/../lib/gcc/arm-none-eabi/5.4.1/armv7-m\libgcc.a(_arm_addsubdf3.o)
                0x000010a8                __aeabi_drsub
                0x000010b0                __aeabi_dsub
                0x000010b0                __subdf3
                0x000010b4                __aeabi_dadd
                0x000010b4                __adddf3
                0x0000132c                __floatunsidf
                0x0000132c                __aeabi_ui2d
                0x0000134c                __floatsidf
                0x0000134c                __aeabi_i2d
                0x00001370                __aeabi_f2d
                0x00001370                __extendsfdf2
                0x000013ac                __floatundidf
                0x000013ac                __aeabi_ul2d
                0x000013bc                __floatdidf
                0x000013bc                __aeabi_l2d
 .text          0x00001418      0x424 c:/program files (x86)/cypress/psoc creator/4.2/psoc creator/import/gnu/arm/5.4.1/bin/../lib/gcc/arm-none-eabi/5.4.1/armv7-m\libgcc.a(_arm_muldivdf3.o)
                0x00001418                __aeabi_dmul
                0x00001418                __muldf3
                0x0000166c                __divdf3
                0x0000166c                __aeabi_ddiv
 .text          0x0000183c      0x110 c:/program files (x86)/cypress/psoc creator/4.2/psoc creator/import/gnu/arm/5.4.1/bin/../lib/gcc/arm-none-eabi/5.4.1/armv7-m\libgcc.a(_arm_cmpdf2.o)
                0x0000183c                __gtdf2
                0x0000183c                __gedf2
                0x00001844                __ltdf2
                0x00001844                __ledf2
                0x0000184c                __nedf2
                0x0000184c                __eqdf2
                0x0000184c                __cmpdf2
                0x000018c8                __aeabi_cdrcmple
                0x000018d8                __aeabi_cdcmpeq
                0x000018d8                __aeabi_cdcmple
                0x000018e8                __aeabi_dcmpeq
                0x000018fc                __aeabi_dcmplt
                0x00001910                __aeabi_dcmple
                0x00001924                __aeabi_dcmpge
                0x00001938                __aeabi_dcmpgt
 .text          0x0000194c       0x2c c:/program files (x86)/cypress/psoc creator/4.2/psoc creator/import/gnu/arm/5.4.1/bin/../lib/gcc/arm-none-eabi/5.4.1/armv7-m\libgcc.a(_arm_unorddf2.o)
                0x0000194c                __unorddf2
                0x0000194c                __aeabi_dcmpun
 .text          0x00001978      0x21c c:/program files (x86)/cypress/psoc creator/4.2/psoc creator/import/gnu/arm/5.4.1/bin/../lib/gcc/arm-none-eabi/5.4.1/armv7-m\libgcc.a(_arm_addsubsf3.o)
                0x00001978                __aeabi_frsub
                0x00001980                __subsf3
                0x00001980                __aeabi_fsub
                0x00001984                __aeabi_fadd
                0x00001984                __addsf3
                0x00001ae4                __aeabi_ui2f
                0x00001ae4                __floatunsisf
                0x00001aec                __aeabi_i2f
                0x00001aec                __floatsisf
                0x00001b08                __aeabi_ul2f
                0x00001b08                __floatundisf
                0x00001b18                __aeabi_l2f
                0x00001b18                __floatdisf
 .text          0x00001b94      0x2a0 c:/program files (x86)/cypress/psoc creator/4.2/psoc creator/import/gnu/arm/5.4.1/bin/../lib/gcc/arm-none-eabi/5.4.1/armv7-m\libgcc.a(_arm_muldivsf3.o)
                0x00001b94                __mulsf3
                0x00001b94                __aeabi_fmul
                0x00001cfc                __aeabi_fdiv
                0x00001cfc                __divsf3
 .text          0x00001e34       0xec c:/program files (x86)/cypress/psoc creator/4.2/psoc creator/import/gnu/arm/5.4.1/bin/../lib/gcc/arm-none-eabi/5.4.1/armv7-m\libgcc.a(_arm_cmpsf2.o)
                0x00001e34                __gesf2
                0x00001e34                __gtsf2
                0x00001e3c                __lesf2
                0x00001e3c                __ltsf2
                0x00001e44                __nesf2
                0x00001e44                __eqsf2
                0x00001e44                __cmpsf2
                0x00001ea4                __aeabi_cfrcmple
                0x00001eac                __aeabi_cfcmpeq
                0x00001eac                __aeabi_cfcmple
                0x00001ebc                __aeabi_fcmpeq
                0x00001ed0                __aeabi_fcmplt
                0x00001ee4                __aeabi_fcmple
                0x00001ef8                __aeabi_fcmpge
                0x00001f0c                __aeabi_fcmpgt
 .text          0x00001f20      0x2ec c:/program files (x86)/cypress/psoc creator/4.2/psoc creator/import/gnu/arm/5.4.1/bin/../lib/gcc/arm-none-eabi/5.4.1/armv7-m\libgcc.a(_udivmoddi4.o)
                0x00001f20                __udivmoddi4
 .text          0x0000220c        0x4 c:/program files (x86)/cypress/psoc creator/4.2/psoc creator/import/gnu/arm/5.4.1/bin/../lib/gcc/arm-none-eabi/5.4.1/armv7-m\libgcc.a(_dvmd_tls.o)
                0x0000220c                __aeabi_idiv0
                0x0000220c                __aeabi_ldiv0
 .text.__errno  0x00002210        0xc c:/program files (x86)/cypress/psoc creator/4.2/psoc creator/import/gnu/arm/5.4.1/bin/../lib/gcc/arm-none-eabi/5.4.1/../../../../arm-none-eabi/lib/armv7-m\libg.a(lib_a-errno.o)
                0x00002210                __errno
 .text.__libc_init_array
                0x0000221c       0x50 c:/program files (x86)/cypress/psoc creator/4.2/psoc creator/import/gnu/arm/5.4.1/bin/../lib/gcc/arm-none-eabi/5.4.1/../../../../arm-none-eabi/lib/armv7-m\libg.a(lib_a-init.o)
                0x0000221c                __libc_init_array
 .text          0x0000226c       0xec c:/program files (x86)/cypress/psoc creator/4.2/psoc creator/import/gnu/arm/5.4.1/bin/../lib/gcc/arm-none-eabi/5.4.1/../../../../arm-none-eabi/lib/armv7-m\libg.a(lib_a-memcpy.o)
                0x0000226c                memcpy
 .text.memset   0x00002358       0x9c c:/program files (x86)/cypress/psoc creator/4.2/psoc creator/import/gnu/arm/5.4.1/bin/../lib/gcc/arm-none-eabi/5.4.1/../../../../arm-none-eabi/lib/armv7-m\libg.a(lib_a-memset.o)
                0x00002358                memset
 .text.printf   0x000023f4       0x28 c:/program files (x86)/cypress/psoc creator/4.2/psoc creator/import/gnu/arm/5.4.1/bin/../lib/gcc/arm-none-eabi/5.4.1/../../../../arm-none-eabi/lib/armv7-m\libg.a(lib_a-printf.o)
                0x000023f4                printf
 .text._puts_r  0x0000241c       0x68 c:/program files (x86)/cypress/psoc creator/4.2/psoc creator/import/gnu/arm/5.4.1/bin/../lib/gcc/arm-none-eabi/5.4.1/../../../../arm-none-eabi/lib/armv7-m\libg.a(lib_a-puts.o)
                0x0000241c                _puts_r
 .text.puts     0x00002484       0x10 c:/program files (x86)/cypress/psoc creator/4.2/psoc creator/import/gnu/arm/5.4.1/bin/../lib/gcc/arm-none-eabi/5.4.1/../../../../arm-none-eabi/lib/armv7-m\libg.a(lib_a-puts.o)
                0x00002484                puts
 .text.strlen   0x00002494       0x5c c:/program files (x86)/cypress/psoc creator/4.2/psoc creator/import/gnu/arm/5.4.1/bin/../lib/gcc/arm-none-eabi/5.4.1/../../../../arm-none-eabi/lib/armv7-m\libg.a(lib_a-strlen-stub.o)
                0x00002494                strlen
 .text._vfprintf_r
                0x000024f0     0x1788 c:/program files (x86)/cypress/psoc creator/4.2/psoc creator/import/gnu/arm/5.4.1/bin/../lib/gcc/arm-none-eabi/5.4.1/../../../../arm-none-eabi/lib/armv7-m\libg.a(lib_a-vfprintf.o)
                0x000024f0                _vfprintf_r
 .text.__sbprintf
                0x00003c78       0x6c c:/program files (x86)/cypress/psoc creator/4.2/psoc creator/import/gnu/arm/5.4.1/bin/../lib/gcc/arm-none-eabi/5.4.1/../../../../arm-none-eabi/lib/armv7-m\libg.a(lib_a-vfprintf.o)
 .text.__swsetup_r
                0x00003ce4       0xc8 c:/program files (x86)/cypress/psoc creator/4.2/psoc creator/import/gnu/arm/5.4.1/bin/../lib/gcc/arm-none-eabi/5.4.1/../../../../arm-none-eabi/lib/armv7-m\libg.a(lib_a-wsetup.o)
                0x00003ce4                __swsetup_r
 .text.startup.register_fini
                0x00003dac       0x14 c:/program files (x86)/cypress/psoc creator/4.2/psoc creator/import/gnu/arm/5.4.1/bin/../lib/gcc/arm-none-eabi/5.4.1/../../../../arm-none-eabi/lib/armv7-m\libg.a(lib_a-__call_atexit.o)
 .text.atexit   0x00003dc0        0xc c:/program files (x86)/cypress/psoc creator/4.2/psoc creator/import/gnu/arm/5.4.1/bin/../lib/gcc/arm-none-eabi/5.4.1/../../../../arm-none-eabi/lib/armv7-m\libg.a(lib_a-atexit.o)
                0x00003dc0                atexit
 .text.quorem   0x00003dcc      0x12c c:/program files (x86)/cypress/psoc creator/4.2/psoc creator/import/gnu/arm/5.4.1/bin/../lib/gcc/arm-none-eabi/5.4.1/../../../../arm-none-eabi/lib/armv7-m\libg.a(lib_a-dtoa.o)
 .text._dtoa_r  0x00003ef8      0xe4c c:/program files (x86)/cypress/psoc creator/4.2/psoc creator/import/gnu/arm/5.4.1/bin/../lib/gcc/arm-none-eabi/5.4.1/../../../../arm-none-eabi/lib/armv7-m\libg.a(lib_a-dtoa.o)
                0x00003ef8                _dtoa_r
 .text.__sflush_r
                0x00004d44      0x148 c:/program files (x86)/cypress/psoc creator/4.2/psoc creator/import/gnu/arm/5.4.1/bin/../lib/gcc/arm-none-eabi/5.4.1/../../../../arm-none-eabi/lib/armv7-m\libg.a(lib_a-fflush.o)
                0x00004d44                __sflush_r
 .text._fflush_r
                0x00004e8c       0x2c c:/program files (x86)/cypress/psoc creator/4.2/psoc creator/import/gnu/arm/5.4.1/bin/../lib/gcc/arm-none-eabi/5.4.1/../../../../arm-none-eabi/lib/armv7-m\libg.a(lib_a-fflush.o)
                0x00004e8c                _fflush_r
 .text._cleanup_r
                0x00004eb8        0xc c:/program files (x86)/cypress/psoc creator/4.2/psoc creator/import/gnu/arm/5.4.1/bin/../lib/gcc/arm-none-eabi/5.4.1/../../../../arm-none-eabi/lib/armv7-m\libg.a(lib_a-findfp.o)
                0x00004eb8                _cleanup_r
 .text.__sinit.part.1
                0x00004ec4       0xf0 c:/program files (x86)/cypress/psoc creator/4.2/psoc creator/import/gnu/arm/5.4.1/bin/../lib/gcc/arm-none-eabi/5.4.1/../../../../arm-none-eabi/lib/armv7-m\libg.a(lib_a-findfp.o)
 .text.__sinit  0x00004fb4        0xc c:/program files (x86)/cypress/psoc creator/4.2/psoc creator/import/gnu/arm/5.4.1/bin/../lib/gcc/arm-none-eabi/5.4.1/../../../../arm-none-eabi/lib/armv7-m\libg.a(lib_a-findfp.o)
                0x00004fb4                __sinit
 .text.__sfp_lock_acquire
                0x00004fc0        0x4 c:/program files (x86)/cypress/psoc creator/4.2/psoc creator/import/gnu/arm/5.4.1/bin/../lib/gcc/arm-none-eabi/5.4.1/../../../../arm-none-eabi/lib/armv7-m\libg.a(lib_a-findfp.o)
                0x00004fc0                __sfp_lock_acquire
 .text.__sfp_lock_release
                0x00004fc4        0x4 c:/program files (x86)/cypress/psoc creator/4.2/psoc creator/import/gnu/arm/5.4.1/bin/../lib/gcc/arm-none-eabi/5.4.1/../../../../arm-none-eabi/lib/armv7-m\libg.a(lib_a-findfp.o)
                0x00004fc4                __sfp_lock_release
 .text.__libc_fini_array
                0x00004fc8       0x28 c:/program files (x86)/cypress/psoc creator/4.2/psoc creator/import/gnu/arm/5.4.1/bin/../lib/gcc/arm-none-eabi/5.4.1/../../../../arm-none-eabi/lib/armv7-m\libg.a(lib_a-fini.o)
                0x00004fc8                __libc_fini_array
 .text._malloc_trim_r
                0x00004ff0       0x9c c:/program files (x86)/cypress/psoc creator/4.2/psoc creator/import/gnu/arm/5.4.1/bin/../lib/gcc/arm-none-eabi/5.4.1/../../../../arm-none-eabi/lib/armv7-m\libg.a(lib_a-freer.o)
                0x00004ff0                _malloc_trim_r
 .text._free_r  0x0000508c      0x1d0 c:/program files (x86)/cypress/psoc creator/4.2/psoc creator/import/gnu/arm/5.4.1/bin/../lib/gcc/arm-none-eabi/5.4.1/../../../../arm-none-eabi/lib/armv7-m\libg.a(lib_a-freer.o)
                0x0000508c                _free_r
 .text.__sfvwrite_r
                0x0000525c      0x308 c:/program files (x86)/cypress/psoc creator/4.2/psoc creator/import/gnu/arm/5.4.1/bin/../lib/gcc/arm-none-eabi/5.4.1/../../../../arm-none-eabi/lib/armv7-m\libg.a(lib_a-fvwrite.o)
                0x0000525c                __sfvwrite_r
 .text._fwalk_reent
                0x00005564       0x50 c:/program files (x86)/cypress/psoc creator/4.2/psoc creator/import/gnu/arm/5.4.1/bin/../lib/gcc/arm-none-eabi/5.4.1/../../../../arm-none-eabi/lib/armv7-m\libg.a(lib_a-fwalk.o)
                0x00005564                _fwalk_reent
 .text.__locale_charset
                0x000055b4        0x8 c:/program files (x86)/cypress/psoc creator/4.2/psoc creator/import/gnu/arm/5.4.1/bin/../lib/gcc/arm-none-eabi/5.4.1/../../../../arm-none-eabi/lib/armv7-m\libg.a(lib_a-locale.o)
                0x000055b4                __locale_charset
 .text.__locale_mb_cur_max
                0x000055bc        0xc c:/program files (x86)/cypress/psoc creator/4.2/psoc creator/import/gnu/arm/5.4.1/bin/../lib/gcc/arm-none-eabi/5.4.1/../../../../arm-none-eabi/lib/armv7-m\libg.a(lib_a-locale.o)
                0x000055bc                __locale_mb_cur_max
 .text._localeconv_r
                0x000055c8        0x8 c:/program files (x86)/cypress/psoc creator/4.2/psoc creator/import/gnu/arm/5.4.1/bin/../lib/gcc/arm-none-eabi/5.4.1/../../../../arm-none-eabi/lib/armv7-m\libg.a(lib_a-locale.o)
                0x000055c8                _localeconv_r
 .text.__swhatbuf_r
                0x000055d0       0x60 c:/program files (x86)/cypress/psoc creator/4.2/psoc creator/import/gnu/arm/5.4.1/bin/../lib/gcc/arm-none-eabi/5.4.1/../../../../arm-none-eabi/lib/armv7-m\libg.a(lib_a-makebuf.o)
                0x000055d0                __swhatbuf_r
 .text.__smakebuf_r
                0x00005630       0x88 c:/program files (x86)/cypress/psoc creator/4.2/psoc creator/import/gnu/arm/5.4.1/bin/../lib/gcc/arm-none-eabi/5.4.1/../../../../arm-none-eabi/lib/armv7-m\libg.a(lib_a-makebuf.o)
                0x00005630                __smakebuf_r
 .text._malloc_r
                0x000056b8      0x558 c:/program files (x86)/cypress/psoc creator/4.2/psoc creator/import/gnu/arm/5.4.1/bin/../lib/gcc/arm-none-eabi/5.4.1/../../../../arm-none-eabi/lib/armv7-m\libg.a(lib_a-mallocr.o)
                0x000056b8                _malloc_r
 .text.memchr   0x00005c10       0x8c c:/program files (x86)/cypress/psoc creator/4.2/psoc creator/import/gnu/arm/5.4.1/bin/../lib/gcc/arm-none-eabi/5.4.1/../../../../arm-none-eabi/lib/armv7-m\libg.a(lib_a-memchr-stub.o)
                0x00005c10                memchr
 .text.memmove  0x00005c9c       0xc8 c:/program files (x86)/cypress/psoc creator/4.2/psoc creator/import/gnu/arm/5.4.1/bin/../lib/gcc/arm-none-eabi/5.4.1/../../../../arm-none-eabi/lib/armv7-m\libg.a(lib_a-memmove.o)
                0x00005c9c                memmove
 .text.__malloc_lock
                0x00005d64        0x4 c:/program files (x86)/cypress/psoc creator/4.2/psoc creator/import/gnu/arm/5.4.1/bin/../lib/gcc/arm-none-eabi/5.4.1/../../../../arm-none-eabi/lib/armv7-m\libg.a(lib_a-mlock.o)
                0x00005d64                __malloc_lock
 .text.__malloc_unlock
                0x00005d68        0x4 c:/program files (x86)/cypress/psoc creator/4.2/psoc creator/import/gnu/arm/5.4.1/bin/../lib/gcc/arm-none-eabi/5.4.1/../../../../arm-none-eabi/lib/armv7-m\libg.a(lib_a-mlock.o)
                0x00005d68                __malloc_unlock
 .text._Balloc  0x00005d6c       0x50 c:/program files (x86)/cypress/psoc creator/4.2/psoc creator/import/gnu/arm/5.4.1/bin/../lib/gcc/arm-none-eabi/5.4.1/../../../../arm-none-eabi/lib/armv7-m\libg.a(lib_a-mprec.o)
                0x00005d6c                _Balloc
 .text._Bfree   0x00005dbc       0x14 c:/program files (x86)/cypress/psoc creator/4.2/psoc creator/import/gnu/arm/5.4.1/bin/../lib/gcc/arm-none-eabi/5.4.1/../../../../arm-none-eabi/lib/armv7-m\libg.a(lib_a-mprec.o)
                0x00005dbc                _Bfree
 .text.__multadd
                0x00005dd0       0x80 c:/program files (x86)/cypress/psoc creator/4.2/psoc creator/import/gnu/arm/5.4.1/bin/../lib/gcc/arm-none-eabi/5.4.1/../../../../arm-none-eabi/lib/armv7-m\libg.a(lib_a-mprec.o)
                0x00005dd0                __multadd
 .text.__hi0bits
                0x00005e50       0x40 c:/program files (x86)/cypress/psoc creator/4.2/psoc creator/import/gnu/arm/5.4.1/bin/../lib/gcc/arm-none-eabi/5.4.1/../../../../arm-none-eabi/lib/armv7-m\libg.a(lib_a-mprec.o)
                0x00005e50                __hi0bits
 .text.__lo0bits
                0x00005e90       0x5c c:/program files (x86)/cypress/psoc creator/4.2/psoc creator/import/gnu/arm/5.4.1/bin/../lib/gcc/arm-none-eabi/5.4.1/../../../../arm-none-eabi/lib/armv7-m\libg.a(lib_a-mprec.o)
                0x00005e90                __lo0bits
 .text.__i2b    0x00005eec       0x14 c:/program files (x86)/cypress/psoc creator/4.2/psoc creator/import/gnu/arm/5.4.1/bin/../lib/gcc/arm-none-eabi/5.4.1/../../../../arm-none-eabi/lib/armv7-m\libg.a(lib_a-mprec.o)
                0x00005eec                __i2b
 .text.__multiply
                0x00005f00      0x13c c:/program files (x86)/cypress/psoc creator/4.2/psoc creator/import/gnu/arm/5.4.1/bin/../lib/gcc/arm-none-eabi/5.4.1/../../../../arm-none-eabi/lib/armv7-m\libg.a(lib_a-mprec.o)
                0x00005f00                __multiply
 .text.__pow5mult
                0x0000603c       0xa0 c:/program files (x86)/cypress/psoc creator/4.2/psoc creator/import/gnu/arm/5.4.1/bin/../lib/gcc/arm-none-eabi/5.4.1/../../../../arm-none-eabi/lib/armv7-m\libg.a(lib_a-mprec.o)
                0x0000603c                __pow5mult
 .text.__lshift
                0x000060dc       0xac c:/program files (x86)/cypress/psoc creator/4.2/psoc creator/import/gnu/arm/5.4.1/bin/../lib/gcc/arm-none-eabi/5.4.1/../../../../arm-none-eabi/lib/armv7-m\libg.a(lib_a-mprec.o)
                0x000060dc                __lshift
 .text.__mcmp   0x00006188       0x40 c:/program files (x86)/cypress/psoc creator/4.2/psoc creator/import/gnu/arm/5.4.1/bin/../lib/gcc/arm-none-eabi/5.4.1/../../../../arm-none-eabi/lib/armv7-m\libg.a(lib_a-mprec.o)
                0x00006188                __mcmp
 .text.__mdiff  0x000061c8      0x128 c:/program files (x86)/cypress/psoc creator/4.2/psoc creator/import/gnu/arm/5.4.1/bin/../lib/gcc/arm-none-eabi/5.4.1/../../../../arm-none-eabi/lib/armv7-m\libg.a(lib_a-mprec.o)
                0x000061c8                __mdiff
 .text.__d2b    0x000062f0       0xa8 c:/program files (x86)/cypress/psoc creator/4.2/psoc creator/import/gnu/arm/5.4.1/bin/../lib/gcc/arm-none-eabi/5.4.1/../../../../arm-none-eabi/lib/armv7-m\libg.a(lib_a-mprec.o)
                0x000062f0                __d2b
 .text._realloc_r
                0x00006398      0x3d4 c:/program files (x86)/cypress/psoc creator/4.2/psoc creator/import/gnu/arm/5.4.1/bin/../lib/gcc/arm-none-eabi/5.4.1/../../../../arm-none-eabi/lib/armv7-m\libg.a(lib_a-reallocr.o)
                0x00006398                _realloc_r
 .text._sbrk_r  0x0000676c       0x24 c:/program files (x86)/cypress/psoc creator/4.2/psoc creator/import/gnu/arm/5.4.1/bin/../lib/gcc/arm-none-eabi/5.4.1/../../../../arm-none-eabi/lib/armv7-m\libg.a(lib_a-sbrkr.o)
                0x0000676c                _sbrk_r
 .text.__sread  0x00006790       0x24 c:/program files (x86)/cypress/psoc creator/4.2/psoc creator/import/gnu/arm/5.4.1/bin/../lib/gcc/arm-none-eabi/5.4.1/../../../../arm-none-eabi/lib/armv7-m\libg.a(lib_a-stdio.o)
                0x00006790                __sread
 .text.__swrite
                0x000067b4       0x3c c:/program files (x86)/cypress/psoc creator/4.2/psoc creator/import/gnu/arm/5.4.1/bin/../lib/gcc/arm-none-eabi/5.4.1/../../../../arm-none-eabi/lib/armv7-m\libg.a(lib_a-stdio.o)
                0x000067b4                __swrite
 .text.__sseek  0x000067f0       0x20 c:/program files (x86)/cypress/psoc creator/4.2/psoc creator/import/gnu/arm/5.4.1/bin/../lib/gcc/arm-none-eabi/5.4.1/../../../../arm-none-eabi/lib/armv7-m\libg.a(lib_a-stdio.o)
                0x000067f0                __sseek
 .text.__sclose
                0x00006810        0x8 c:/program files (x86)/cypress/psoc creator/4.2/psoc creator/import/gnu/arm/5.4.1/bin/../lib/gcc/arm-none-eabi/5.4.1/../../../../arm-none-eabi/lib/armv7-m\libg.a(lib_a-stdio.o)
                0x00006810                __sclose
 .text.__sprint_r.part.0
                0x00006818       0x78 c:/program files (x86)/cypress/psoc creator/4.2/psoc creator/import/gnu/arm/5.4.1/bin/../lib/gcc/arm-none-eabi/5.4.1/../../../../arm-none-eabi/lib/armv7-m\libg.a(lib_a-vfiprintf.o)
 .text.__sprint_r
                0x00006890       0x14 c:/program files (x86)/cypress/psoc creator/4.2/psoc creator/import/gnu/arm/5.4.1/bin/../lib/gcc/arm-none-eabi/5.4.1/../../../../arm-none-eabi/lib/armv7-m\libg.a(lib_a-vfiprintf.o)
                0x00006890                __sprint_r
 .text._write_r
                0x000068a4       0x2c c:/program files (x86)/cypress/psoc creator/4.2/psoc creator/import/gnu/arm/5.4.1/bin/../lib/gcc/arm-none-eabi/5.4.1/../../../../arm-none-eabi/lib/armv7-m\libg.a(lib_a-writer.o)
                0x000068a4                _write_r
 .text.__register_exitproc
                0x000068d0       0xa4 c:/program files (x86)/cypress/psoc creator/4.2/psoc creator/import/gnu/arm/5.4.1/bin/../lib/gcc/arm-none-eabi/5.4.1/../../../../arm-none-eabi/lib/armv7-m\libg.a(lib_a-__atexit.o)
                0x000068d0                __register_exitproc
 .text._calloc_r
                0x00006974       0x60 c:/program files (x86)/cypress/psoc creator/4.2/psoc creator/import/gnu/arm/5.4.1/bin/../lib/gcc/arm-none-eabi/5.4.1/../../../../arm-none-eabi/lib/armv7-m\libg.a(lib_a-callocr.o)
                0x00006974                _calloc_r
 .text._close_r
                0x000069d4       0x24 c:/program files (x86)/cypress/psoc creator/4.2/psoc creator/import/gnu/arm/5.4.1/bin/../lib/gcc/arm-none-eabi/5.4.1/../../../../arm-none-eabi/lib/armv7-m\libg.a(lib_a-closer.o)
                0x000069d4                _close_r
 .text._fclose_r
                0x000069f8       0x84 c:/program files (x86)/cypress/psoc creator/4.2/psoc creator/import/gnu/arm/5.4.1/bin/../lib/gcc/arm-none-eabi/5.4.1/../../../../arm-none-eabi/lib/armv7-m\libg.a(lib_a-fclose.o)
                0x000069f8                _fclose_r
 .text.__fputwc
                0x00006a7c       0x94 c:/program files (x86)/cypress/psoc creator/4.2/psoc creator/import/gnu/arm/5.4.1/bin/../lib/gcc/arm-none-eabi/5.4.1/../../../../arm-none-eabi/lib/armv7-m\libg.a(lib_a-fputwc.o)
                0x00006a7c                __fputwc
 .text._fputwc_r
                0x00006b10       0x24 c:/program files (x86)/cypress/psoc creator/4.2/psoc creator/import/gnu/arm/5.4.1/bin/../lib/gcc/arm-none-eabi/5.4.1/../../../../arm-none-eabi/lib/armv7-m\libg.a(lib_a-fputwc.o)
                0x00006b10                _fputwc_r
 .text._fstat_r
                0x00006b34       0x28 c:/program files (x86)/cypress/psoc creator/4.2/psoc creator/import/gnu/arm/5.4.1/bin/../lib/gcc/arm-none-eabi/5.4.1/../../../../arm-none-eabi/lib/armv7-m\libg.a(lib_a-fstatr.o)
                0x00006b34                _fstat_r
 .text._isatty_r
                0x00006b5c       0x24 c:/program files (x86)/cypress/psoc creator/4.2/psoc creator/import/gnu/arm/5.4.1/bin/../lib/gcc/arm-none-eabi/5.4.1/../../../../arm-none-eabi/lib/armv7-m\libg.a(lib_a-isattyr.o)
                0x00006b5c                _isatty_r
 .text._lseek_r
                0x00006b80       0x2c c:/program files (x86)/cypress/psoc creator/4.2/psoc creator/import/gnu/arm/5.4.1/bin/../lib/gcc/arm-none-eabi/5.4.1/../../../../arm-none-eabi/lib/armv7-m\libg.a(lib_a-lseekr.o)
                0x00006b80                _lseek_r
 .text._read_r  0x00006bac       0x2c c:/program files (x86)/cypress/psoc creator/4.2/psoc creator/import/gnu/arm/5.4.1/bin/../lib/gcc/arm-none-eabi/5.4.1/../../../../arm-none-eabi/lib/armv7-m\libg.a(lib_a-readr.o)
                0x00006bac                _read_r
 .text.__swbuf_r
                0x00006bd8       0xac c:/program files (x86)/cypress/psoc creator/4.2/psoc creator/import/gnu/arm/5.4.1/bin/../lib/gcc/arm-none-eabi/5.4.1/../../../../arm-none-eabi/lib/armv7-m\libg.a(lib_a-wbuf.o)
                0x00006bd8                __swbuf_r
 .text._wcrtomb_r
                0x00006c84       0x54 c:/program files (x86)/cypress/psoc creator/4.2/psoc creator/import/gnu/arm/5.4.1/bin/../lib/gcc/arm-none-eabi/5.4.1/../../../../arm-none-eabi/lib/armv7-m\libg.a(lib_a-wcrtomb.o)
                0x00006c84                _wcrtomb_r
 .text.__ascii_wctomb
                0x00006cd8       0x1c c:/program files (x86)/cypress/psoc creator/4.2/psoc creator/import/gnu/arm/5.4.1/bin/../lib/gcc/arm-none-eabi/5.4.1/../../../../arm-none-eabi/lib/armv7-m\libg.a(lib_a-wctomb_r.o)
                0x00006cd8                __ascii_wctomb
 .text          0x00006cf4       0x50 c:/program files (x86)/cypress/psoc creator/4.2/psoc creator/import/gnu/arm/5.4.1/bin/../lib/gcc/arm-none-eabi/5.4.1/armv7-m\libgcc.a(_arm_fixdfsi.o)
                0x00006cf4                __aeabi_d2iz
                0x00006cf4                __fixdfsi
 .text          0x00006d44       0x30 c:/program files (x86)/cypress/psoc creator/4.2/psoc creator/import/gnu/arm/5.4.1/bin/../lib/gcc/arm-none-eabi/5.4.1/armv7-m\libgcc.a(_aeabi_uldivmod.o)
                0x00006d44                __aeabi_uldivmod
 .text._close   0x00006d74       0x10 c:/program files (x86)/cypress/psoc creator/4.2/psoc creator/import/gnu/arm/5.4.1/bin/../lib/gcc/arm-none-eabi/5.4.1/../../../../arm-none-eabi/lib/armv7-m\libnosys.a(close.o)
                0x00006d74                _close
 .text._fstat   0x00006d84       0x10 c:/program files (x86)/cypress/psoc creator/4.2/psoc creator/import/gnu/arm/5.4.1/bin/../lib/gcc/arm-none-eabi/5.4.1/../../../../arm-none-eabi/lib/armv7-m\libnosys.a(fstat.o)
                0x00006d84                _fstat
 .text._isatty  0x00006d94       0x10 c:/program files (x86)/cypress/psoc creator/4.2/psoc creator/import/gnu/arm/5.4.1/bin/../lib/gcc/arm-none-eabi/5.4.1/../../../../arm-none-eabi/lib/armv7-m\libnosys.a(isatty.o)
                0x00006d94                _isatty
 .text._lseek   0x00006da4       0x10 c:/program files (x86)/cypress/psoc creator/4.2/psoc creator/import/gnu/arm/5.4.1/bin/../lib/gcc/arm-none-eabi/5.4.1/../../../../arm-none-eabi/lib/armv7-m\libnosys.a(lseek.o)
                0x00006da4                _lseek
 *(.plt)
 *(.gnu.warning)
 *(.glue_7t)
 .glue_7t       0x00006db4        0x0 linker stubs
 *(.glue_7)
 .glue_7        0x00006db4        0x0 linker stubs
 *(.vfp11_veneer)
 .vfp11_veneer  0x00006db4        0x0 linker stubs
 *(.bootloader)
 *(.ARM.extab* .gnu.linkonce.armextab.*)
 *(.gcc_except_table)

.v4_bx          0x00006db4        0x0
 .v4_bx         0x00006db4        0x0 linker stubs

.iplt           0x00006db4        0x0
 .iplt          0x00006db4        0x0 c:/program files (x86)/cypress/psoc creator/4.2/psoc creator/import/gnu/arm/5.4.1/bin/../lib/gcc/arm-none-eabi/5.4.1/armv7-m/crtbegin.o

.eh_frame_hdr
 *(.eh_frame_hdr)

.eh_frame       0x00006db4        0x4
 *(.eh_frame)
 .eh_frame      0x00006db4        0x0 c:/program files (x86)/cypress/psoc creator/4.2/psoc creator/import/gnu/arm/5.4.1/bin/../lib/gcc/arm-none-eabi/5.4.1/armv7-m/crtbegin.o
 .eh_frame      0x00006db4        0x4 c:/program files (x86)/cypress/psoc creator/4.2/psoc creator/import/gnu/arm/5.4.1/bin/../lib/gcc/arm-none-eabi/5.4.1/armv7-m/crtend.o
                [!provide]                PROVIDE (__exidx_start, .)

.ARM.exidx      0x00006db8        0x8
 *(.ARM.exidx* .gnu.linkonce.armexidx.*)
 .ARM.exidx     0x00006db8        0x8 c:/program files (x86)/cypress/psoc creator/4.2/psoc creator/import/gnu/arm/5.4.1/bin/../lib/gcc/arm-none-eabi/5.4.1/armv7-m\libgcc.a(_udivmoddi4.o)
                0x00006dc0                __exidx_end = .

.rodata         0x00006dc0      0x210
 *(.rodata .rodata.* .gnu.linkonce.r.*)
 .rodata.str1.4
                0x00006dc0       0x12 .\CortexM3\ARM_GCC_541\Debug\main.o
 *fill*         0x00006dd2        0x2 
 .rodata        0x00006dd4       0x3a .\CortexM3\ARM_GCC_541\Debug\cyfitter_cfg.o
 *fill*         0x00006e0e        0x2 
 .rodata.str1.4
                0x00006e10        0x2 c:/program files (x86)/cypress/psoc creator/4.2/psoc creator/import/gnu/arm/5.4.1/bin/../lib/gcc/arm-none-eabi/5.4.1/../../../../arm-none-eabi/lib/armv7-m\libg.a(lib_a-impure.o)
 *fill*         0x00006e12        0x2 
 .rodata._global_impure_ptr
                0x00006e14        0x4 c:/program files (x86)/cypress/psoc creator/4.2/psoc creator/import/gnu/arm/5.4.1/bin/../lib/gcc/arm-none-eabi/5.4.1/../../../../arm-none-eabi/lib/armv7-m\libg.a(lib_a-impure.o)
                0x00006e14                _global_impure_ptr
 .rodata.str1.4
                0x00006e18        0x2 c:/program files (x86)/cypress/psoc creator/4.2/psoc creator/import/gnu/arm/5.4.1/bin/../lib/gcc/arm-none-eabi/5.4.1/../../../../arm-none-eabi/lib/armv7-m\libg.a(lib_a-puts.o)
 .rodata.blanks.7070
                0x00006e18       0x10 c:/program files (x86)/cypress/psoc creator/4.2/psoc creator/import/gnu/arm/5.4.1/bin/../lib/gcc/arm-none-eabi/5.4.1/../../../../arm-none-eabi/lib/armv7-m\libg.a(lib_a-vfprintf.o)
 .rodata.str1.4
                0x00006e28       0x42 c:/program files (x86)/cypress/psoc creator/4.2/psoc creator/import/gnu/arm/5.4.1/bin/../lib/gcc/arm-none-eabi/5.4.1/../../../../arm-none-eabi/lib/armv7-m\libg.a(lib_a-vfprintf.o)
 *fill*         0x00006e6a        0x2 
 .rodata.zeroes.7071
                0x00006e6c       0x10 c:/program files (x86)/cypress/psoc creator/4.2/psoc creator/import/gnu/arm/5.4.1/bin/../lib/gcc/arm-none-eabi/5.4.1/../../../../arm-none-eabi/lib/armv7-m\libg.a(lib_a-vfprintf.o)
 .rodata.str1.4
                0x00006e7c       0x10 c:/program files (x86)/cypress/psoc creator/4.2/psoc creator/import/gnu/arm/5.4.1/bin/../lib/gcc/arm-none-eabi/5.4.1/../../../../arm-none-eabi/lib/armv7-m\libg.a(lib_a-dtoa.o)
                                 0x12 (size before relaxing)
 .rodata.str1.4
                0x00006e8c        0xc c:/program files (x86)/cypress/psoc creator/4.2/psoc creator/import/gnu/arm/5.4.1/bin/../lib/gcc/arm-none-eabi/5.4.1/../../../../arm-none-eabi/lib/armv7-m\libg.a(lib_a-locale.o)
                                 0x12 (size before relaxing)
 .rodata.__mprec_tens
                0x00006e98       0xc8 c:/program files (x86)/cypress/psoc creator/4.2/psoc creator/import/gnu/arm/5.4.1/bin/../lib/gcc/arm-none-eabi/5.4.1/../../../../arm-none-eabi/lib/armv7-m\libg.a(lib_a-mprec.o)
                0x00006e98                __mprec_tens
 .rodata.__mprec_bigtens
                0x00006f60       0x28 c:/program files (x86)/cypress/psoc creator/4.2/psoc creator/import/gnu/arm/5.4.1/bin/../lib/gcc/arm-none-eabi/5.4.1/../../../../arm-none-eabi/lib/armv7-m\libg.a(lib_a-mprec.o)
                0x00006f60                __mprec_bigtens
 .rodata.p05.5396
                0x00006f88        0xc c:/program files (x86)/cypress/psoc creator/4.2/psoc creator/import/gnu/arm/5.4.1/bin/../lib/gcc/arm-none-eabi/5.4.1/../../../../arm-none-eabi/lib/armv7-m\libg.a(lib_a-mprec.o)
                0x00006f94                . = ALIGN (0x4)
 *(.init)
 .init          0x00006f94        0x4 c:/program files (x86)/cypress/psoc creator/4.2/psoc creator/import/gnu/arm/5.4.1/bin/../lib/gcc/arm-none-eabi/5.4.1/armv7-m/crti.o
                0x00006f94                _init
 .init          0x00006f98        0x8 c:/program files (x86)/cypress/psoc creator/4.2/psoc creator/import/gnu/arm/5.4.1/bin/../lib/gcc/arm-none-eabi/5.4.1/armv7-m/crtn.o
                0x00006fa0                . = ALIGN (0x4)
                0x00006fa0                __preinit_array_start = .
 *(.preinit_array)
                0x00006fa0                __preinit_array_end = .
                0x00006fa0                . = ALIGN (0x4)
                0x00006fa0                __init_array_start = .
 *(SORT(.init_array.*))
 .init_array.00000
                0x00006fa0        0x4 c:/program files (x86)/cypress/psoc creator/4.2/psoc creator/import/gnu/arm/5.4.1/bin/../lib/gcc/arm-none-eabi/5.4.1/../../../../arm-none-eabi/lib/armv7-m\libg.a(lib_a-__call_atexit.o)
 *(.init_array)
 .init_array    0x00006fa4        0x4 c:/program files (x86)/cypress/psoc creator/4.2/psoc creator/import/gnu/arm/5.4.1/bin/../lib/gcc/arm-none-eabi/5.4.1/armv7-m/crtbegin.o
 .init_array    0x00006fa8        0x4 .\CortexM3\ARM_GCC_541\Debug\Cm3Start.o
                0x00006fac                __init_array_end = .
                0x00006fac                . = ALIGN (0x4)
 *(.fini)
 .fini          0x00006fac        0x4 c:/program files (x86)/cypress/psoc creator/4.2/psoc creator/import/gnu/arm/5.4.1/bin/../lib/gcc/arm-none-eabi/5.4.1/armv7-m/crti.o
                0x00006fac                _fini
 .fini          0x00006fb0        0x8 c:/program files (x86)/cypress/psoc creator/4.2/psoc creator/import/gnu/arm/5.4.1/bin/../lib/gcc/arm-none-eabi/5.4.1/armv7-m/crtn.o
                0x00006fb8                . = ALIGN (0x4)
                0x00006fb8                __fini_array_start = .
 *(.fini_array)
 .fini_array    0x00006fb8        0x4 c:/program files (x86)/cypress/psoc creator/4.2/psoc creator/import/gnu/arm/5.4.1/bin/../lib/gcc/arm-none-eabi/5.4.1/armv7-m/crtbegin.o
 *(SORT(.fini_array.*))
                0x00006fbc                __fini_array_end = .
                0x00006fbc                . = ALIGN (0x4)
 *crtbegin.o(.ctors)
 *(EXCLUDE_FILE(*crtend.o) .ctors)
 *(SORT(.ctors.*))
 *crtend.o(.ctors)
                0x00006fbc                . = ALIGN (0x4)
 *crtbegin.o(.dtors)
 *(EXCLUDE_FILE(*crtend.o) .dtors)
 *(SORT(.dtors.*))
 *crtend.o(.dtors)
                0x00006fbc                . = ALIGN (0x4)
                0x00006fbc                __cy_regions = .
                0x00006fbc        0x4 LONG 0x6fd0 __cy_region_init_ram
                0x00006fc0        0x4 LONG 0x1fff80c8 __cy_region_start_data
                0x00006fc4        0x4 LONG 0x8b8 __cy_region_init_size_ram
                0x00006fc8        0x4 LONG 0x130 __cy_region_zero_size_ram
                0x00006fcc                __cy_regions_end = .
                0x00006fd0                . = ALIGN (0x8)
 *fill*         0x00006fcc        0x4 
                0x00006fd0                _etext = .

.cy_checksum_exclude
                0x00006fd0        0x0
 *(.cy_checksum_exclude)

.ramvectors     0x1fff8000       0xc0
                0x1fff8000                __cy_region_start_ram = .
 *(.ramvectors)
 .ramvectors    0x1fff8000       0xc0 .\CortexM3\ARM_GCC_541\Debug\Cm3Start.o
                0x1fff8000                CyRamVectors

.noinit         0x1fff80c0        0x1
 *(.noinit)
 .noinit        0x1fff80c0        0x1 .\CortexM3\ARM_GCC_541\Debug\ZumoBot.a(CyLib.o)
                0x1fff80c0                CyResetStatus

.data           0x1fff80c8      0x8b8 load address 0x00006fd0
                0x1fff80c8                __cy_region_start_data = .
 *(.jcr)
 .jcr           0x1fff80c8        0x0 c:/program files (x86)/cypress/psoc creator/4.2/psoc creator/import/gnu/arm/5.4.1/bin/../lib/gcc/arm-none-eabi/5.4.1/armv7-m/crtbegin.o
 .jcr           0x1fff80c8        0x4 c:/program files (x86)/cypress/psoc creator/4.2/psoc creator/import/gnu/arm/5.4.1/bin/../lib/gcc/arm-none-eabi/5.4.1/armv7-m/crtend.o
 *(.got.plt)
 *(.got)
 *(.shdata)
 *(.data .data.* .gnu.linkonce.d.*)
 .data          0x1fff80cc        0x4 .\CortexM3\ARM_GCC_541\Debug\Cm3Start.o
 .data          0x1fff80d0       0x10 .\CortexM3\ARM_GCC_541\Debug\ZumoBot.a(CyLib.o)
                0x1fff80d0                cydelay_32k_ms
                0x1fff80d4                cydelay_freq_khz
                0x1fff80d8                cydelay_freq_mhz
                0x1fff80dc                cydelay_freq_hz
 .data.impure_data
                0x1fff80e0      0x428 c:/program files (x86)/cypress/psoc creator/4.2/psoc creator/import/gnu/arm/5.4.1/bin/../lib/gcc/arm-none-eabi/5.4.1/../../../../arm-none-eabi/lib/armv7-m\libg.a(lib_a-impure.o)
 .data._impure_ptr
                0x1fff8508        0x4 c:/program files (x86)/cypress/psoc creator/4.2/psoc creator/import/gnu/arm/5.4.1/bin/../lib/gcc/arm-none-eabi/5.4.1/../../../../arm-none-eabi/lib/armv7-m\libg.a(lib_a-impure.o)
                0x1fff8508                _impure_ptr
 .data.lconv    0x1fff850c       0x38 c:/program files (x86)/cypress/psoc creator/4.2/psoc creator/import/gnu/arm/5.4.1/bin/../lib/gcc/arm-none-eabi/5.4.1/../../../../arm-none-eabi/lib/armv7-m\libg.a(lib_a-locale.o)
 .data.lc_ctype_charset
                0x1fff8544       0x20 c:/program files (x86)/cypress/psoc creator/4.2/psoc creator/import/gnu/arm/5.4.1/bin/../lib/gcc/arm-none-eabi/5.4.1/../../../../arm-none-eabi/lib/armv7-m\libg.a(lib_a-locale.o)
 .data.__mb_cur_max
                0x1fff8564        0x4 c:/program files (x86)/cypress/psoc creator/4.2/psoc creator/import/gnu/arm/5.4.1/bin/../lib/gcc/arm-none-eabi/5.4.1/../../../../arm-none-eabi/lib/armv7-m\libg.a(lib_a-locale.o)
                0x1fff8564                __mb_cur_max
 .data.__malloc_av_
                0x1fff8568      0x408 c:/program files (x86)/cypress/psoc creator/4.2/psoc creator/import/gnu/arm/5.4.1/bin/../lib/gcc/arm-none-eabi/5.4.1/../../../../arm-none-eabi/lib/armv7-m\libg.a(lib_a-mallocr.o)
                0x1fff8568                __malloc_av_
 .data.__malloc_trim_threshold
                0x1fff8970        0x4 c:/program files (x86)/cypress/psoc creator/4.2/psoc creator/import/gnu/arm/5.4.1/bin/../lib/gcc/arm-none-eabi/5.4.1/../../../../arm-none-eabi/lib/armv7-m\libg.a(lib_a-mallocr.o)
                0x1fff8970                __malloc_trim_threshold
 .data.__malloc_sbrk_base
                0x1fff8974        0x4 c:/program files (x86)/cypress/psoc creator/4.2/psoc creator/import/gnu/arm/5.4.1/bin/../lib/gcc/arm-none-eabi/5.4.1/../../../../arm-none-eabi/lib/armv7-m\libg.a(lib_a-mallocr.o)
                0x1fff8974                __malloc_sbrk_base
 .data.__wctomb
                0x1fff8978        0x4 c:/program files (x86)/cypress/psoc creator/4.2/psoc creator/import/gnu/arm/5.4.1/bin/../lib/gcc/arm-none-eabi/5.4.1/../../../../arm-none-eabi/lib/armv7-m\libg.a(lib_a-wctomb_r.o)
                0x1fff8978                __wctomb
                0x1fff8980                . = ALIGN (0x8)
 *fill*         0x1fff897c        0x4 
 *(.ram)
                0x1fff8980                _edata = .

.igot.plt       0x1fff8980        0x0 load address 0x00007888
 .igot.plt      0x1fff8980        0x0 c:/program files (x86)/cypress/psoc creator/4.2/psoc creator/import/gnu/arm/5.4.1/bin/../lib/gcc/arm-none-eabi/5.4.1/armv7-m/crtbegin.o

.bss            0x1fff8980      0x130 load address 0x00007888
                0x1fff8980                PROVIDE (__bss_start__, .)
 *(.shbss)
 *(.bss .bss.* .gnu.linkonce.b.*)
 .bss           0x1fff8980       0x1c c:/program files (x86)/cypress/psoc creator/4.2/psoc creator/import/gnu/arm/5.4.1/bin/../lib/gcc/arm-none-eabi/5.4.1/armv7-m/crtbegin.o
 .bss           0x1fff899c       0x1c .\CortexM3\ARM_GCC_541\Debug\Reflectance.o
 .bss           0x1fff89b8       0x18 .\CortexM3\ARM_GCC_541\Debug\Ultra.o
 .bss           0x1fff89d0        0x5 .\CortexM3\ARM_GCC_541\Debug\Systick.o
 *fill*         0x1fff89d5        0x3 
 .bss           0x1fff89d8       0x90 .\CortexM3\ARM_GCC_541\Debug\Retarget.o
 .bss           0x1fff8a68        0x1 .\CortexM3\ARM_GCC_541\Debug\ZumoBot.a(PWM.o)
                0x1fff8a68                PWM_initVar
 .bss           0x1fff8a69        0x2 .\CortexM3\ARM_GCC_541\Debug\ZumoBot.a(UART_1.o)
                0x1fff8a69                UART_1_initVar
 .bss           0x1fff8a6b        0x1 .\CortexM3\ARM_GCC_541\Debug\ZumoBot.a(ADC_Battery.o)
                0x1fff8a6b                ADC_Battery_initVar
 .bss.__malloc_max_total_mem
                0x1fff8a6c        0x4 c:/program files (x86)/cypress/psoc creator/4.2/psoc creator/import/gnu/arm/5.4.1/bin/../lib/gcc/arm-none-eabi/5.4.1/../../../../arm-none-eabi/lib/armv7-m\libg.a(lib_a-mallocr.o)
                0x1fff8a6c                __malloc_max_total_mem
 .bss.__malloc_max_sbrked_mem
                0x1fff8a70        0x4 c:/program files (x86)/cypress/psoc creator/4.2/psoc creator/import/gnu/arm/5.4.1/bin/../lib/gcc/arm-none-eabi/5.4.1/../../../../arm-none-eabi/lib/armv7-m\libg.a(lib_a-mallocr.o)
                0x1fff8a70                __malloc_max_sbrked_mem
 .bss.__malloc_top_pad
                0x1fff8a74        0x4 c:/program files (x86)/cypress/psoc creator/4.2/psoc creator/import/gnu/arm/5.4.1/bin/../lib/gcc/arm-none-eabi/5.4.1/../../../../arm-none-eabi/lib/armv7-m\libg.a(lib_a-mallocr.o)
                0x1fff8a74                __malloc_top_pad
 .bss.__malloc_current_mallinfo
                0x1fff8a78       0x28 c:/program files (x86)/cypress/psoc creator/4.2/psoc creator/import/gnu/arm/5.4.1/bin/../lib/gcc/arm-none-eabi/5.4.1/../../../../arm-none-eabi/lib/armv7-m\libg.a(lib_a-mallocr.o)
                0x1fff8a78                __malloc_current_mallinfo
 *(COMMON)
 COMMON         0x1fff8aa0        0xc .\CortexM3\ARM_GCC_541\Debug\ZumoBot.a(ADC_Battery.o)
                0x1fff8aa0                ADC_Battery_offset
                0x1fff8aa2                ADC_Battery_countsPerVolt
                0x1fff8aa4                ADC_Battery_shift
                0x1fff8aa8                ADC_Battery_countsPer10Volt
 COMMON         0x1fff8aac        0x4 c:/program files (x86)/cypress/psoc creator/4.2/psoc creator/import/gnu/arm/5.4.1/bin/../lib/gcc/arm-none-eabi/5.4.1/../../../../arm-none-eabi/lib/armv7-m\libg.a(lib_a-reent.o)
                0x1fff8aac                errno
                0x1fff8ab0                . = ALIGN (0x8)
 *(.ram.b)
                0x1fff8ab0                _end = .
                0x1fff8ab0                __end = .
                0x1fff8ab0                PROVIDE (end, .)
                0x1fff8ab0                PROVIDE (__bss_end__, .)
                0x00006fd0                __cy_region_init_ram = LOADADDR (.data)
                0x000008b8                __cy_region_init_size_ram = (_edata - ADDR (.data))
                0x00000130                __cy_region_zero_size_ram = (_end - _edata)

.heap           0x1fff8ab0      0x800 load address 0x00007888
                0x1fff8ab0                . = _end
                0x1fff92b0                . = (. + 0x800)
 *fill*         0x1fff8ab0      0x800 
                0x1fff92b0                __cy_heap_limit = .

.stack          0x20007800      0x800
                0x20007800                __cy_stack_limit = .
                0x20008000                . = (. + 0x800)
 *fill*         0x20007800      0x800 
                0x00000001                ASSERT ((__cy_stack_limit >= __cy_heap_limit), region RAM overflowed with stack)
                0x00000000                cy_checksum_exclude_size = (CY_APPL_LOADABLE == 0x1)?SIZEOF (.cy_checksum_exclude):0x0
                0x00000001                ASSERT ((cy_checksum_exclude_size <= CY_CHECKSUM_EXCLUDE_SIZE), CY_BOOT: Section .cy_checksum_exclude size exceedes specified limit.)

.cyloadermeta
 *(.cyloadermeta)

.cyloadablemeta
 *(.cyloadablemeta)

.cyconfigecc    0x80000000      0xc04
 *(.cyconfigecc)
 .cyconfigecc   0x80000000      0xc04 .\CortexM3\ARM_GCC_541\Debug\cymetadata.o
                0x80000000                cy_meta_configecc

.cycustnvl      0x90000000        0x4
 *(.cycustnvl)
 .cycustnvl     0x90000000        0x4 .\CortexM3\ARM_GCC_541\Debug\cymetadata.o
                0x90000000                cy_meta_custnvl

.cywolatch      0x90100000        0x4
 *(.cywolatch)
 .cywolatch     0x90100000        0x4 .\CortexM3\ARM_GCC_541\Debug\cymetadata.o
                0x90100000                cy_meta_wonvl

.cyeeprom       0x90200000        0x0
 *(.cyeeprom)
                0x00000001                ASSERT ((. <= ((0x90200000 + ee_offset) + ee_size)), .cyeeprom data will not fit in EEPROM)

.cyflashprotect
                0x90400000      0x100
 *(.cyflashprotect)
 .cyflashprotect
                0x90400000      0x100 .\CortexM3\ARM_GCC_541\Debug\cymetadata.o
                0x90400000                cy_meta_flashprotect

.cymeta         0x90500000        0xc
 *(.cymeta)
 .cymeta        0x90500000        0xc .\CortexM3\ARM_GCC_541\Debug\cymetadata.o
                0x90500000                cy_metadata

.rel.dyn        0x00007888        0x0 load address 0x9050000c
 .rel.iplt      0x00007888        0x0 c:/program files (x86)/cypress/psoc creator/4.2/psoc creator/import/gnu/arm/5.4.1/bin/../lib/gcc/arm-none-eabi/5.4.1/armv7-m/crtbegin.o

.stab           0x00000000       0x6c
 *(.stab)
 .stab          0x00000000       0x24 c:/program files (x86)/cypress/psoc creator/4.2/psoc creator/import/gnu/arm/5.4.1/bin/../lib/gcc/arm-none-eabi/5.4.1/../../../../arm-none-eabi/lib/armv7-m\libnosys.a(close.o)
 .stab          0x00000024       0x18 c:/program files (x86)/cypress/psoc creator/4.2/psoc creator/import/gnu/arm/5.4.1/bin/../lib/gcc/arm-none-eabi/5.4.1/../../../../arm-none-eabi/lib/armv7-m\libnosys.a(fstat.o)
                                 0x24 (size before relaxing)
 .stab          0x0000003c       0x18 c:/program files (x86)/cypress/psoc creator/4.2/psoc creator/import/gnu/arm/5.4.1/bin/../lib/gcc/arm-none-eabi/5.4.1/../../../../arm-none-eabi/lib/armv7-m\libnosys.a(isatty.o)
                                 0x24 (size before relaxing)
 .stab          0x00000054       0x18 c:/program files (x86)/cypress/psoc creator/4.2/psoc creator/import/gnu/arm/5.4.1/bin/../lib/gcc/arm-none-eabi/5.4.1/../../../../arm-none-eabi/lib/armv7-m\libnosys.a(lseek.o)
                                 0x24 (size before relaxing)

.stabstr        0x00000000       0xe3
 *(.stabstr)
 .stabstr       0x00000000       0xe3 c:/program files (x86)/cypress/psoc creator/4.2/psoc creator/import/gnu/arm/5.4.1/bin/../lib/gcc/arm-none-eabi/5.4.1/../../../../arm-none-eabi/lib/armv7-m\libnosys.a(close.o)

.debug
 *(.debug)

.line
 *(.line)

.debug_srcinfo
 *(.debug_srcinfo)

.debug_sfnames
 *(.debug_sfnames)

.debug_aranges  0x00000000     0x14f8
 *(.debug_aranges)
 .debug_aranges
                0x00000000       0x20 .\CortexM3\ARM_GCC_541\Debug\Accel.o
 .debug_aranges
                0x00000020       0x20 .\CortexM3\ARM_GCC_541\Debug\Ambient.o
 .debug_aranges
                0x00000040       0x20 .\CortexM3\ARM_GCC_541\Debug\Beep.o
 .debug_aranges
                0x00000060       0x20 .\CortexM3\ARM_GCC_541\Debug\Gyro.o
 .debug_aranges
                0x00000080       0x30 .\CortexM3\ARM_GCC_541\Debug\I2C_made.o
 .debug_aranges
                0x000000b0       0x40 .\CortexM3\ARM_GCC_541\Debug\IR.o
 .debug_aranges
                0x000000f0       0x20 .\CortexM3\ARM_GCC_541\Debug\Magnet.o
 .debug_aranges
                0x00000110       0x40 .\CortexM3\ARM_GCC_541\Debug\Motor.o
 .debug_aranges
                0x00000150       0x30 .\CortexM3\ARM_GCC_541\Debug\Nunchuk.o
 .debug_aranges
                0x00000180       0x40 .\CortexM3\ARM_GCC_541\Debug\Reflectance.o
 .debug_aranges
                0x000001c0       0x38 .\CortexM3\ARM_GCC_541\Debug\Ultra.o
 .debug_aranges
                0x000001f8       0x30 .\CortexM3\ARM_GCC_541\Debug\Systick.o
 .debug_aranges
                0x00000228       0x28 .\CortexM3\ARM_GCC_541\Debug\Retarget.o
 .debug_aranges
                0x00000250       0x20 .\CortexM3\ARM_GCC_541\Debug\main.o
 .debug_aranges
                0x00000270       0x58 .\CortexM3\ARM_GCC_541\Debug\cyfitter_cfg.o
 .debug_aranges
                0x000002c8       0x18 .\CortexM3\ARM_GCC_541\Debug\cymetadata.o
 .debug_aranges
                0x000002e0       0x48 .\CortexM3\ARM_GCC_541\Debug\Cm3Start.o
 .debug_aranges
                0x00000328       0xa8 .\CortexM3\ARM_GCC_541\Debug\ZumoBot.a(PWM.o)
 .debug_aranges
                0x000003d0       0x38 .\CortexM3\ARM_GCC_541\Debug\ZumoBot.a(I2C.o)
 .debug_aranges
                0x00000408       0x20 .\CortexM3\ARM_GCC_541\Debug\ZumoBot.a(I2C_INT.o)
 .debug_aranges
                0x00000428       0x38 .\CortexM3\ARM_GCC_541\Debug\ZumoBot.a(I2C_PM.o)
 .debug_aranges
                0x00000460       0x80 .\CortexM3\ARM_GCC_541\Debug\ZumoBot.a(I2C_MASTER.o)
 .debug_aranges
                0x000004e0       0xf0 .\CortexM3\ARM_GCC_541\Debug\ZumoBot.a(UART_1.o)
 .debug_aranges
                0x000005d0       0x38 .\CortexM3\ARM_GCC_541\Debug\ZumoBot.a(MotorDirLeft.o)
 .debug_aranges
                0x00000608       0x38 .\CortexM3\ARM_GCC_541\Debug\ZumoBot.a(MotorDirRight.o)
 .debug_aranges
                0x00000640       0x38 .\CortexM3\ARM_GCC_541\Debug\ZumoBot.a(L3.o)
 .debug_aranges
                0x00000678       0x88 .\CortexM3\ARM_GCC_541\Debug\ZumoBot.a(Timer_L3.o)
 .debug_aranges
                0x00000700       0x88 .\CortexM3\ARM_GCC_541\Debug\ZumoBot.a(Timer_R3.o)
 .debug_aranges
                0x00000788       0x38 .\CortexM3\ARM_GCC_541\Debug\ZumoBot.a(IR_led.o)
 .debug_aranges
                0x000007c0       0x88 .\CortexM3\ARM_GCC_541\Debug\ZumoBot.a(Timer_R1.o)
 .debug_aranges
                0x00000848       0x38 .\CortexM3\ARM_GCC_541\Debug\ZumoBot.a(R1.o)
 .debug_aranges
                0x00000880       0x38 .\CortexM3\ARM_GCC_541\Debug\ZumoBot.a(R3.o)
 .debug_aranges
                0x000008b8       0x88 .\CortexM3\ARM_GCC_541\Debug\ZumoBot.a(Timer_L1.o)
 .debug_aranges
                0x00000940       0x38 .\CortexM3\ARM_GCC_541\Debug\ZumoBot.a(L1.o)
 .debug_aranges
                0x00000978       0xa8 .\CortexM3\ARM_GCC_541\Debug\ZumoBot.a(ADC_Battery.o)
 .debug_aranges
                0x00000a20       0x20 .\CortexM3\ARM_GCC_541\Debug\ZumoBot.a(ADC_Battery_INT.o)
 .debug_aranges
                0x00000a40       0x38 .\CortexM3\ARM_GCC_541\Debug\ZumoBot.a(BatteryLed.o)
 .debug_aranges
                0x00000a78       0x38 .\CortexM3\ARM_GCC_541\Debug\ZumoBot.a(IR_receiver.o)
 .debug_aranges
                0x00000ab0       0x38 .\CortexM3\ARM_GCC_541\Debug\ZumoBot.a(Trig.o)
 .debug_aranges
                0x00000ae8       0x98 .\CortexM3\ARM_GCC_541\Debug\ZumoBot.a(Timer.o)
 .debug_aranges
                0x00000b80       0x38 .\CortexM3\ARM_GCC_541\Debug\ZumoBot.a(Echo.o)
 .debug_aranges
                0x00000bb8       0x80 .\CortexM3\ARM_GCC_541\Debug\ZumoBot.a(ultra_isr.o)
 .debug_aranges
                0x00000c38       0x80 .\CortexM3\ARM_GCC_541\Debug\ZumoBot.a(Buzzer_PWM.o)
 .debug_aranges
                0x00000cb8       0x80 .\CortexM3\ARM_GCC_541\Debug\ZumoBot.a(IR_isr.o)
 .debug_aranges
                0x00000d38       0x98 .\CortexM3\ARM_GCC_541\Debug\ZumoBot.a(Timer_IR.o)
 .debug_aranges
                0x00000dd0       0x90 .\CortexM3\ARM_GCC_541\Debug\ZumoBot.a(Timer_R2.o)
 .debug_aranges
                0x00000e60       0x90 .\CortexM3\ARM_GCC_541\Debug\ZumoBot.a(Timer_L2.o)
 .debug_aranges
                0x00000ef0       0x38 .\CortexM3\ARM_GCC_541\Debug\ZumoBot.a(L2.o)
 .debug_aranges
                0x00000f28       0x38 .\CortexM3\ARM_GCC_541\Debug\ZumoBot.a(R2.o)
 .debug_aranges
                0x00000f60       0x28 .\CortexM3\ARM_GCC_541\Debug\ZumoBot.a(Control_Reg_1.o)
 .debug_aranges
                0x00000f88       0x70 .\CortexM3\ARM_GCC_541\Debug\ZumoBot.a(UART_1_IntClock.o)
 .debug_aranges
                0x00000ff8       0x80 .\CortexM3\ARM_GCC_541\Debug\ZumoBot.a(ADC_Battery_theACLK.o)
 .debug_aranges
                0x00001078      0x2a0 .\CortexM3\ARM_GCC_541\Debug\ZumoBot.a(CyLib.o)
 .debug_aranges
                0x00001318       0x98 .\CortexM3\ARM_GCC_541\Debug\ZumoBot.a(cyPm.o)
 .debug_aranges
                0x000013b0       0x20 .\CortexM3\ARM_GCC_541\Debug\ZumoBot.a(cyutils.o)
 .debug_aranges
                0x000013d0       0x20 .\CortexM3\ARM_GCC_541\Debug\ZumoBot.a(CyBootAsmGnu.o)
 .debug_aranges
                0x000013f0       0x88 .\CortexM3\ARM_GCC_541\Debug\ZumoBot.a(CyFlash.o)
 .debug_aranges
                0x00001478       0x80 .\CortexM3\ARM_GCC_541\Debug\ZumoBot.a(CySpc.o)

.debug_pubnames
 *(.debug_pubnames)

.debug_info     0x00000000     0xaaa6
 *(.debug_info .gnu.linkonce.wi.*)
 .debug_info    0x00000000      0x138 .\CortexM3\ARM_GCC_541\Debug\Accel.o
 .debug_info    0x00000138      0x10e .\CortexM3\ARM_GCC_541\Debug\Ambient.o
 .debug_info    0x00000246      0x194 .\CortexM3\ARM_GCC_541\Debug\Beep.o
 .debug_info    0x000003da      0x10a .\CortexM3\ARM_GCC_541\Debug\Gyro.o
 .debug_info    0x000004e4      0x2e3 .\CortexM3\ARM_GCC_541\Debug\I2C_made.o
 .debug_info    0x000007c7      0x2d2 .\CortexM3\ARM_GCC_541\Debug\IR.o
 .debug_info    0x00000a99      0x145 .\CortexM3\ARM_GCC_541\Debug\Magnet.o
 .debug_info    0x00000bde      0x2ed .\CortexM3\ARM_GCC_541\Debug\Motor.o
 .debug_info    0x00000ecb      0x2b4 .\CortexM3\ARM_GCC_541\Debug\Nunchuk.o
 .debug_info    0x0000117f      0x7af .\CortexM3\ARM_GCC_541\Debug\Reflectance.o
 .debug_info    0x0000192e      0x2b3 .\CortexM3\ARM_GCC_541\Debug\Ultra.o
 .debug_info    0x00001be1      0x597 .\CortexM3\ARM_GCC_541\Debug\Systick.o
 .debug_info    0x00002178      0x236 .\CortexM3\ARM_GCC_541\Debug\Retarget.o
 .debug_info    0x000023ae      0x2f8 .\CortexM3\ARM_GCC_541\Debug\main.o
 .debug_info    0x000026a6      0x686 .\CortexM3\ARM_GCC_541\Debug\cyfitter_cfg.o
 .debug_info    0x00002d2c      0x139 .\CortexM3\ARM_GCC_541\Debug\cymetadata.o
 .debug_info    0x00002e65      0x3bb .\CortexM3\ARM_GCC_541\Debug\Cm3Start.o
 .debug_info    0x00003220      0x383 .\CortexM3\ARM_GCC_541\Debug\ZumoBot.a(PWM.o)
 .debug_info    0x000035a3      0x2ad .\CortexM3\ARM_GCC_541\Debug\ZumoBot.a(I2C.o)
 .debug_info    0x00003850      0x184 .\CortexM3\ARM_GCC_541\Debug\ZumoBot.a(I2C_INT.o)
 .debug_info    0x000039d4      0x207 .\CortexM3\ARM_GCC_541\Debug\ZumoBot.a(I2C_PM.o)
 .debug_info    0x00003bdb      0x407 .\CortexM3\ARM_GCC_541\Debug\ZumoBot.a(I2C_MASTER.o)
 .debug_info    0x00003fe2      0x60c .\CortexM3\ARM_GCC_541\Debug\ZumoBot.a(UART_1.o)
 .debug_info    0x000045ee      0x11f .\CortexM3\ARM_GCC_541\Debug\ZumoBot.a(MotorDirLeft.o)
 .debug_info    0x0000470d      0x11f .\CortexM3\ARM_GCC_541\Debug\ZumoBot.a(MotorDirRight.o)
 .debug_info    0x0000482c      0x11f .\CortexM3\ARM_GCC_541\Debug\ZumoBot.a(L3.o)
 .debug_info    0x0000494b      0x293 .\CortexM3\ARM_GCC_541\Debug\ZumoBot.a(Timer_L3.o)
 .debug_info    0x00004bde      0x293 .\CortexM3\ARM_GCC_541\Debug\ZumoBot.a(Timer_R3.o)
 .debug_info    0x00004e71      0x11f .\CortexM3\ARM_GCC_541\Debug\ZumoBot.a(IR_led.o)
 .debug_info    0x00004f90      0x293 .\CortexM3\ARM_GCC_541\Debug\ZumoBot.a(Timer_R1.o)
 .debug_info    0x00005223      0x11f .\CortexM3\ARM_GCC_541\Debug\ZumoBot.a(R1.o)
 .debug_info    0x00005342      0x11f .\CortexM3\ARM_GCC_541\Debug\ZumoBot.a(R3.o)
 .debug_info    0x00005461      0x293 .\CortexM3\ARM_GCC_541\Debug\ZumoBot.a(Timer_L1.o)
 .debug_info    0x000056f4      0x11f .\CortexM3\ARM_GCC_541\Debug\ZumoBot.a(L1.o)
 .debug_info    0x00005813      0x5c0 .\CortexM3\ARM_GCC_541\Debug\ZumoBot.a(ADC_Battery.o)
 .debug_info    0x00005dd3       0x92 .\CortexM3\ARM_GCC_541\Debug\ZumoBot.a(ADC_Battery_INT.o)
 .debug_info    0x00005e65      0x11f .\CortexM3\ARM_GCC_541\Debug\ZumoBot.a(BatteryLed.o)
 .debug_info    0x00005f84      0x11f .\CortexM3\ARM_GCC_541\Debug\ZumoBot.a(IR_receiver.o)
 .debug_info    0x000060a3      0x11f .\CortexM3\ARM_GCC_541\Debug\ZumoBot.a(Trig.o)
 .debug_info    0x000061c2      0x328 .\CortexM3\ARM_GCC_541\Debug\ZumoBot.a(Timer.o)
 .debug_info    0x000064ea      0x11f .\CortexM3\ARM_GCC_541\Debug\ZumoBot.a(Echo.o)
 .debug_info    0x00006609      0x2d2 .\CortexM3\ARM_GCC_541\Debug\ZumoBot.a(ultra_isr.o)
 .debug_info    0x000068db      0x279 .\CortexM3\ARM_GCC_541\Debug\ZumoBot.a(Buzzer_PWM.o)
 .debug_info    0x00006b54      0x2d2 .\CortexM3\ARM_GCC_541\Debug\ZumoBot.a(IR_isr.o)
 .debug_info    0x00006e26      0x372 .\CortexM3\ARM_GCC_541\Debug\ZumoBot.a(Timer_IR.o)
 .debug_info    0x00007198      0x2ee .\CortexM3\ARM_GCC_541\Debug\ZumoBot.a(Timer_R2.o)
 .debug_info    0x00007486      0x2ee .\CortexM3\ARM_GCC_541\Debug\ZumoBot.a(Timer_L2.o)
 .debug_info    0x00007774      0x11f .\CortexM3\ARM_GCC_541\Debug\ZumoBot.a(L2.o)
 .debug_info    0x00007893      0x11f .\CortexM3\ARM_GCC_541\Debug\ZumoBot.a(R2.o)
 .debug_info    0x000079b2       0xd6 .\CortexM3\ARM_GCC_541\Debug\ZumoBot.a(Control_Reg_1.o)
 .debug_info    0x00007a88      0x283 .\CortexM3\ARM_GCC_541\Debug\ZumoBot.a(UART_1_IntClock.o)
 .debug_info    0x00007d0b      0x2c4 .\CortexM3\ARM_GCC_541\Debug\ZumoBot.a(ADC_Battery_theACLK.o)
 .debug_info    0x00007fcf     0x1374 .\CortexM3\ARM_GCC_541\Debug\ZumoBot.a(CyLib.o)
 .debug_info    0x00009343      0xa2a .\CortexM3\ARM_GCC_541\Debug\ZumoBot.a(cyPm.o)
 .debug_info    0x00009d6d       0xee .\CortexM3\ARM_GCC_541\Debug\ZumoBot.a(cyutils.o)
 .debug_info    0x00009e5b       0xae .\CortexM3\ARM_GCC_541\Debug\ZumoBot.a(CyBootAsmGnu.o)
 .debug_info    0x00009f09      0x64d .\CortexM3\ARM_GCC_541\Debug\ZumoBot.a(CyFlash.o)
 .debug_info    0x0000a556      0x550 .\CortexM3\ARM_GCC_541\Debug\ZumoBot.a(CySpc.o)

.debug_abbrev   0x00000000     0x3a17
 *(.debug_abbrev)
 .debug_abbrev  0x00000000       0xae .\CortexM3\ARM_GCC_541\Debug\Accel.o
 .debug_abbrev  0x000000ae       0x8c .\CortexM3\ARM_GCC_541\Debug\Ambient.o
 .debug_abbrev  0x0000013a       0xc9 .\CortexM3\ARM_GCC_541\Debug\Beep.o
 .debug_abbrev  0x00000203       0xa5 .\CortexM3\ARM_GCC_541\Debug\Gyro.o
 .debug_abbrev  0x000002a8      0x124 .\CortexM3\ARM_GCC_541\Debug\I2C_made.o
 .debug_abbrev  0x000003cc      0x163 .\CortexM3\ARM_GCC_541\Debug\IR.o
 .debug_abbrev  0x0000052f       0xba .\CortexM3\ARM_GCC_541\Debug\Magnet.o
 .debug_abbrev  0x000005e9       0xdd .\CortexM3\ARM_GCC_541\Debug\Motor.o
 .debug_abbrev  0x000006c6       0xe4 .\CortexM3\ARM_GCC_541\Debug\Nunchuk.o
 .debug_abbrev  0x000007aa      0x137 .\CortexM3\ARM_GCC_541\Debug\Reflectance.o
 .debug_abbrev  0x000008e1      0x12f .\CortexM3\ARM_GCC_541\Debug\Ultra.o
 .debug_abbrev  0x00000a10      0x1be .\CortexM3\ARM_GCC_541\Debug\Systick.o
 .debug_abbrev  0x00000bce      0x111 .\CortexM3\ARM_GCC_541\Debug\Retarget.o
 .debug_abbrev  0x00000cdf       0xdf .\CortexM3\ARM_GCC_541\Debug\main.o
 .debug_abbrev  0x00000dbe      0x20d .\CortexM3\ARM_GCC_541\Debug\cyfitter_cfg.o
 .debug_abbrev  0x00000fcb       0x77 .\CortexM3\ARM_GCC_541\Debug\cymetadata.o
 .debug_abbrev  0x00001042      0x1e8 .\CortexM3\ARM_GCC_541\Debug\Cm3Start.o
 .debug_abbrev  0x0000122a      0x133 .\CortexM3\ARM_GCC_541\Debug\ZumoBot.a(PWM.o)
 .debug_abbrev  0x0000135d      0x10a .\CortexM3\ARM_GCC_541\Debug\ZumoBot.a(I2C.o)
 .debug_abbrev  0x00001467       0xb6 .\CortexM3\ARM_GCC_541\Debug\ZumoBot.a(I2C_INT.o)
 .debug_abbrev  0x0000151d       0xfe .\CortexM3\ARM_GCC_541\Debug\ZumoBot.a(I2C_PM.o)
 .debug_abbrev  0x0000161b      0x13c .\CortexM3\ARM_GCC_541\Debug\ZumoBot.a(I2C_MASTER.o)
 .debug_abbrev  0x00001757      0x175 .\CortexM3\ARM_GCC_541\Debug\ZumoBot.a(UART_1.o)
 .debug_abbrev  0x000018cc       0x90 .\CortexM3\ARM_GCC_541\Debug\ZumoBot.a(MotorDirLeft.o)
 .debug_abbrev  0x0000195c       0x90 .\CortexM3\ARM_GCC_541\Debug\ZumoBot.a(MotorDirRight.o)
 .debug_abbrev  0x000019ec       0x90 .\CortexM3\ARM_GCC_541\Debug\ZumoBot.a(L3.o)
 .debug_abbrev  0x00001a7c      0x11a .\CortexM3\ARM_GCC_541\Debug\ZumoBot.a(Timer_L3.o)
 .debug_abbrev  0x00001b96      0x11a .\CortexM3\ARM_GCC_541\Debug\ZumoBot.a(Timer_R3.o)
 .debug_abbrev  0x00001cb0       0x90 .\CortexM3\ARM_GCC_541\Debug\ZumoBot.a(IR_led.o)
 .debug_abbrev  0x00001d40      0x11a .\CortexM3\ARM_GCC_541\Debug\ZumoBot.a(Timer_R1.o)
 .debug_abbrev  0x00001e5a       0x90 .\CortexM3\ARM_GCC_541\Debug\ZumoBot.a(R1.o)
 .debug_abbrev  0x00001eea       0x90 .\CortexM3\ARM_GCC_541\Debug\ZumoBot.a(R3.o)
 .debug_abbrev  0x00001f7a      0x11a .\CortexM3\ARM_GCC_541\Debug\ZumoBot.a(Timer_L1.o)
 .debug_abbrev  0x00002094       0x90 .\CortexM3\ARM_GCC_541\Debug\ZumoBot.a(L1.o)
 .debug_abbrev  0x00002124      0x1ac .\CortexM3\ARM_GCC_541\Debug\ZumoBot.a(ADC_Battery.o)
 .debug_abbrev  0x000022d0       0x42 .\CortexM3\ARM_GCC_541\Debug\ZumoBot.a(ADC_Battery_INT.o)
 .debug_abbrev  0x00002312       0x90 .\CortexM3\ARM_GCC_541\Debug\ZumoBot.a(BatteryLed.o)
 .debug_abbrev  0x000023a2       0x90 .\CortexM3\ARM_GCC_541\Debug\ZumoBot.a(IR_receiver.o)
 .debug_abbrev  0x00002432       0x90 .\CortexM3\ARM_GCC_541\Debug\ZumoBot.a(Trig.o)
 .debug_abbrev  0x000024c2      0x13a .\CortexM3\ARM_GCC_541\Debug\ZumoBot.a(Timer.o)
 .debug_abbrev  0x000025fc       0x90 .\CortexM3\ARM_GCC_541\Debug\ZumoBot.a(Echo.o)
 .debug_abbrev  0x0000268c      0x173 .\CortexM3\ARM_GCC_541\Debug\ZumoBot.a(ultra_isr.o)
 .debug_abbrev  0x000027ff      0x12d .\CortexM3\ARM_GCC_541\Debug\ZumoBot.a(Buzzer_PWM.o)
 .debug_abbrev  0x0000292c      0x173 .\CortexM3\ARM_GCC_541\Debug\ZumoBot.a(IR_isr.o)
 .debug_abbrev  0x00002a9f      0x14b .\CortexM3\ARM_GCC_541\Debug\ZumoBot.a(Timer_IR.o)
 .debug_abbrev  0x00002bea      0x12b .\CortexM3\ARM_GCC_541\Debug\ZumoBot.a(Timer_R2.o)
 .debug_abbrev  0x00002d15      0x12b .\CortexM3\ARM_GCC_541\Debug\ZumoBot.a(Timer_L2.o)
 .debug_abbrev  0x00002e40       0x90 .\CortexM3\ARM_GCC_541\Debug\ZumoBot.a(L2.o)
 .debug_abbrev  0x00002ed0       0x90 .\CortexM3\ARM_GCC_541\Debug\ZumoBot.a(R2.o)
 .debug_abbrev  0x00002f60       0x81 .\CortexM3\ARM_GCC_541\Debug\ZumoBot.a(Control_Reg_1.o)
 .debug_abbrev  0x00002fe1      0x139 .\CortexM3\ARM_GCC_541\Debug\ZumoBot.a(UART_1_IntClock.o)
 .debug_abbrev  0x0000311a      0x121 .\CortexM3\ARM_GCC_541\Debug\ZumoBot.a(ADC_Battery_theACLK.o)
 .debug_abbrev  0x0000323b      0x254 .\CortexM3\ARM_GCC_541\Debug\ZumoBot.a(CyLib.o)
 .debug_abbrev  0x0000348f      0x1ab .\CortexM3\ARM_GCC_541\Debug\ZumoBot.a(cyPm.o)
 .debug_abbrev  0x0000363a       0x8e .\CortexM3\ARM_GCC_541\Debug\ZumoBot.a(cyutils.o)
 .debug_abbrev  0x000036c8       0x14 .\CortexM3\ARM_GCC_541\Debug\ZumoBot.a(CyBootAsmGnu.o)
 .debug_abbrev  0x000036dc      0x1a7 .\CortexM3\ARM_GCC_541\Debug\ZumoBot.a(CyFlash.o)
 .debug_abbrev  0x00003883      0x194 .\CortexM3\ARM_GCC_541\Debug\ZumoBot.a(CySpc.o)

.debug_line     0x00000000     0x562e
 *(.debug_line)
 .debug_line    0x00000000      0x1e6 .\CortexM3\ARM_GCC_541\Debug\Accel.o
 .debug_line    0x000001e6       0xe3 .\CortexM3\ARM_GCC_541\Debug\Ambient.o
 .debug_line    0x000002c9      0x192 .\CortexM3\ARM_GCC_541\Debug\Beep.o
 .debug_line    0x0000045b      0x174 .\CortexM3\ARM_GCC_541\Debug\Gyro.o
 .debug_line    0x000005cf      0x1c6 .\CortexM3\ARM_GCC_541\Debug\I2C_made.o
 .debug_line    0x00000795      0x1fa .\CortexM3\ARM_GCC_541\Debug\IR.o
 .debug_line    0x0000098f      0x1e5 .\CortexM3\ARM_GCC_541\Debug\Magnet.o
 .debug_line    0x00000b74      0x1f7 .\CortexM3\ARM_GCC_541\Debug\Motor.o
 .debug_line    0x00000d6b      0x1c1 .\CortexM3\ARM_GCC_541\Debug\Nunchuk.o
 .debug_line    0x00000f2c      0x2d6 .\CortexM3\ARM_GCC_541\Debug\Reflectance.o
 .debug_line    0x00001202      0x207 .\CortexM3\ARM_GCC_541\Debug\Ultra.o
 .debug_line    0x00001409      0x1d7 .\CortexM3\ARM_GCC_541\Debug\Systick.o
 .debug_line    0x000015e0      0x1d4 .\CortexM3\ARM_GCC_541\Debug\Retarget.o
 .debug_line    0x000017b4      0x29f .\CortexM3\ARM_GCC_541\Debug\main.o
 .debug_line    0x00001a53      0x22d .\CortexM3\ARM_GCC_541\Debug\cyfitter_cfg.o
 .debug_line    0x00001c80      0x141 .\CortexM3\ARM_GCC_541\Debug\cymetadata.o
 .debug_line    0x00001dc1      0x234 .\CortexM3\ARM_GCC_541\Debug\Cm3Start.o
 .debug_line    0x00001ff5      0x1a7 .\CortexM3\ARM_GCC_541\Debug\ZumoBot.a(PWM.o)
 .debug_line    0x0000219c       0xd9 .\CortexM3\ARM_GCC_541\Debug\ZumoBot.a(I2C.o)
 .debug_line    0x00002275      0x114 .\CortexM3\ARM_GCC_541\Debug\ZumoBot.a(I2C_INT.o)
 .debug_line    0x00002389       0xbb .\CortexM3\ARM_GCC_541\Debug\ZumoBot.a(I2C_PM.o)
 .debug_line    0x00002444      0x1fd .\CortexM3\ARM_GCC_541\Debug\ZumoBot.a(I2C_MASTER.o)
 .debug_line    0x00002641      0x2c0 .\CortexM3\ARM_GCC_541\Debug\ZumoBot.a(UART_1.o)
 .debug_line    0x00002901       0x99 .\CortexM3\ARM_GCC_541\Debug\ZumoBot.a(MotorDirLeft.o)
 .debug_line    0x0000299a       0x9a .\CortexM3\ARM_GCC_541\Debug\ZumoBot.a(MotorDirRight.o)
 .debug_line    0x00002a34       0x8f .\CortexM3\ARM_GCC_541\Debug\ZumoBot.a(L3.o)
 .debug_line    0x00002ac3      0x156 .\CortexM3\ARM_GCC_541\Debug\ZumoBot.a(Timer_L3.o)
 .debug_line    0x00002c19      0x156 .\CortexM3\ARM_GCC_541\Debug\ZumoBot.a(Timer_R3.o)
 .debug_line    0x00002d6f       0x93 .\CortexM3\ARM_GCC_541\Debug\ZumoBot.a(IR_led.o)
 .debug_line    0x00002e02      0x156 .\CortexM3\ARM_GCC_541\Debug\ZumoBot.a(Timer_R1.o)
 .debug_line    0x00002f58       0x8f .\CortexM3\ARM_GCC_541\Debug\ZumoBot.a(R1.o)
 .debug_line    0x00002fe7       0x8f .\CortexM3\ARM_GCC_541\Debug\ZumoBot.a(R3.o)
 .debug_line    0x00003076      0x156 .\CortexM3\ARM_GCC_541\Debug\ZumoBot.a(Timer_L1.o)
 .debug_line    0x000031cc       0x8f .\CortexM3\ARM_GCC_541\Debug\ZumoBot.a(L1.o)
 .debug_line    0x0000325b      0x222 .\CortexM3\ARM_GCC_541\Debug\ZumoBot.a(ADC_Battery.o)
 .debug_line    0x0000347d       0x58 .\CortexM3\ARM_GCC_541\Debug\ZumoBot.a(ADC_Battery_INT.o)
 .debug_line    0x000034d5       0x97 .\CortexM3\ARM_GCC_541\Debug\ZumoBot.a(BatteryLed.o)
 .debug_line    0x0000356c       0x98 .\CortexM3\ARM_GCC_541\Debug\ZumoBot.a(IR_receiver.o)
 .debug_line    0x00003604       0x91 .\CortexM3\ARM_GCC_541\Debug\ZumoBot.a(Trig.o)
 .debug_line    0x00003695      0x182 .\CortexM3\ARM_GCC_541\Debug\ZumoBot.a(Timer.o)
 .debug_line    0x00003817       0x91 .\CortexM3\ARM_GCC_541\Debug\ZumoBot.a(Echo.o)
 .debug_line    0x000038a8      0x136 .\CortexM3\ARM_GCC_541\Debug\ZumoBot.a(ultra_isr.o)
 .debug_line    0x000039de      0x13f .\CortexM3\ARM_GCC_541\Debug\ZumoBot.a(Buzzer_PWM.o)
 .debug_line    0x00003b1d      0x133 .\CortexM3\ARM_GCC_541\Debug\ZumoBot.a(IR_isr.o)
 .debug_line    0x00003c50      0x185 .\CortexM3\ARM_GCC_541\Debug\ZumoBot.a(Timer_IR.o)
 .debug_line    0x00003dd5      0x173 .\CortexM3\ARM_GCC_541\Debug\ZumoBot.a(Timer_R2.o)
 .debug_line    0x00003f48      0x173 .\CortexM3\ARM_GCC_541\Debug\ZumoBot.a(Timer_L2.o)
 .debug_line    0x000040bb       0x8f .\CortexM3\ARM_GCC_541\Debug\ZumoBot.a(L2.o)
 .debug_line    0x0000414a       0x8f .\CortexM3\ARM_GCC_541\Debug\ZumoBot.a(R2.o)
 .debug_line    0x000041d9       0x75 .\CortexM3\ARM_GCC_541\Debug\ZumoBot.a(Control_Reg_1.o)
 .debug_line    0x0000424e      0x17e .\CortexM3\ARM_GCC_541\Debug\ZumoBot.a(UART_1_IntClock.o)
 .debug_line    0x000043cc      0x1a5 .\CortexM3\ARM_GCC_541\Debug\ZumoBot.a(ADC_Battery_theACLK.o)
 .debug_line    0x00004571      0x816 .\CortexM3\ARM_GCC_541\Debug\ZumoBot.a(CyLib.o)
 .debug_line    0x00004d87      0x367 .\CortexM3\ARM_GCC_541\Debug\ZumoBot.a(cyPm.o)
 .debug_line    0x000050ee       0x60 .\CortexM3\ARM_GCC_541\Debug\ZumoBot.a(cyutils.o)
 .debug_line    0x0000514e       0x66 .\CortexM3\ARM_GCC_541\Debug\ZumoBot.a(CyBootAsmGnu.o)
 .debug_line    0x000051b4      0x21a .\CortexM3\ARM_GCC_541\Debug\ZumoBot.a(CyFlash.o)
 .debug_line    0x000053ce      0x260 .\CortexM3\ARM_GCC_541\Debug\ZumoBot.a(CySpc.o)

.debug_frame    0x00000000     0x40ac
 *(.debug_frame)
 .debug_frame   0x00000000       0x38 .\CortexM3\ARM_GCC_541\Debug\Accel.o
 .debug_frame   0x00000038       0x3c .\CortexM3\ARM_GCC_541\Debug\Ambient.o
 .debug_frame   0x00000074       0x30 .\CortexM3\ARM_GCC_541\Debug\Beep.o
 .debug_frame   0x000000a4       0x2c .\CortexM3\ARM_GCC_541\Debug\Gyro.o
 .debug_frame   0x000000d0       0x64 .\CortexM3\ARM_GCC_541\Debug\I2C_made.o
 .debug_frame   0x00000134       0x90 .\CortexM3\ARM_GCC_541\Debug\IR.o
 .debug_frame   0x000001c4       0x2c .\CortexM3\ARM_GCC_541\Debug\Magnet.o
 .debug_frame   0x000001f0       0xa8 .\CortexM3\ARM_GCC_541\Debug\Motor.o
 .debug_frame   0x00000298       0x68 .\CortexM3\ARM_GCC_541\Debug\Nunchuk.o
 .debug_frame   0x00000300       0xa0 .\CortexM3\ARM_GCC_541\Debug\Reflectance.o
 .debug_frame   0x000003a0       0x78 .\CortexM3\ARM_GCC_541\Debug\Ultra.o
 .debug_frame   0x00000418       0x58 .\CortexM3\ARM_GCC_541\Debug\Systick.o
 .debug_frame   0x00000470       0x60 .\CortexM3\ARM_GCC_541\Debug\Retarget.o
 .debug_frame   0x000004d0       0x30 .\CortexM3\ARM_GCC_541\Debug\main.o
 .debug_frame   0x00000500       0xfc .\CortexM3\ARM_GCC_541\Debug\cyfitter_cfg.o
 .debug_frame   0x000005fc       0xb8 .\CortexM3\ARM_GCC_541\Debug\Cm3Start.o
 .debug_frame   0x000006b4      0x154 .\CortexM3\ARM_GCC_541\Debug\ZumoBot.a(PWM.o)
 .debug_frame   0x00000808       0x94 .\CortexM3\ARM_GCC_541\Debug\ZumoBot.a(I2C.o)
 .debug_frame   0x0000089c       0x30 .\CortexM3\ARM_GCC_541\Debug\ZumoBot.a(I2C_INT.o)
 .debug_frame   0x000008cc       0x74 .\CortexM3\ARM_GCC_541\Debug\ZumoBot.a(I2C_PM.o)
 .debug_frame   0x00000940      0x138 .\CortexM3\ARM_GCC_541\Debug\ZumoBot.a(I2C_MASTER.o)
 .debug_frame   0x00000a78      0x250 .\CortexM3\ARM_GCC_541\Debug\ZumoBot.a(UART_1.o)
 .debug_frame   0x00000cc8       0x50 .\CortexM3\ARM_GCC_541\Debug\ZumoBot.a(MotorDirLeft.o)
 .debug_frame   0x00000d18       0x50 .\CortexM3\ARM_GCC_541\Debug\ZumoBot.a(MotorDirRight.o)
 .debug_frame   0x00000d68       0x50 .\CortexM3\ARM_GCC_541\Debug\ZumoBot.a(L3.o)
 .debug_frame   0x00000db8      0x108 .\CortexM3\ARM_GCC_541\Debug\ZumoBot.a(Timer_L3.o)
 .debug_frame   0x00000ec0      0x108 .\CortexM3\ARM_GCC_541\Debug\ZumoBot.a(Timer_R3.o)
 .debug_frame   0x00000fc8       0x50 .\CortexM3\ARM_GCC_541\Debug\ZumoBot.a(IR_led.o)
 .debug_frame   0x00001018      0x108 .\CortexM3\ARM_GCC_541\Debug\ZumoBot.a(Timer_R1.o)
 .debug_frame   0x00001120       0x50 .\CortexM3\ARM_GCC_541\Debug\ZumoBot.a(R1.o)
 .debug_frame   0x00001170       0x50 .\CortexM3\ARM_GCC_541\Debug\ZumoBot.a(R3.o)
 .debug_frame   0x000011c0      0x108 .\CortexM3\ARM_GCC_541\Debug\ZumoBot.a(Timer_L1.o)
 .debug_frame   0x000012c8       0x50 .\CortexM3\ARM_GCC_541\Debug\ZumoBot.a(L1.o)
 .debug_frame   0x00001318      0x1b4 .\CortexM3\ARM_GCC_541\Debug\ZumoBot.a(ADC_Battery.o)
 .debug_frame   0x000014cc       0x20 .\CortexM3\ARM_GCC_541\Debug\ZumoBot.a(ADC_Battery_INT.o)
 .debug_frame   0x000014ec       0x50 .\CortexM3\ARM_GCC_541\Debug\ZumoBot.a(BatteryLed.o)
 .debug_frame   0x0000153c       0x50 .\CortexM3\ARM_GCC_541\Debug\ZumoBot.a(IR_receiver.o)
 .debug_frame   0x0000158c       0x50 .\CortexM3\ARM_GCC_541\Debug\ZumoBot.a(Trig.o)
 .debug_frame   0x000015dc      0x134 .\CortexM3\ARM_GCC_541\Debug\ZumoBot.a(Timer.o)
 .debug_frame   0x00001710       0x50 .\CortexM3\ARM_GCC_541\Debug\ZumoBot.a(Echo.o)
 .debug_frame   0x00001760      0x104 .\CortexM3\ARM_GCC_541\Debug\ZumoBot.a(ultra_isr.o)
 .debug_frame   0x00001864       0xf8 .\CortexM3\ARM_GCC_541\Debug\ZumoBot.a(Buzzer_PWM.o)
 .debug_frame   0x0000195c      0x104 .\CortexM3\ARM_GCC_541\Debug\ZumoBot.a(IR_isr.o)
 .debug_frame   0x00001a60      0x14c .\CortexM3\ARM_GCC_541\Debug\ZumoBot.a(Timer_IR.o)
 .debug_frame   0x00001bac      0x124 .\CortexM3\ARM_GCC_541\Debug\ZumoBot.a(Timer_R2.o)
 .debug_frame   0x00001cd0      0x124 .\CortexM3\ARM_GCC_541\Debug\ZumoBot.a(Timer_L2.o)
 .debug_frame   0x00001df4       0x50 .\CortexM3\ARM_GCC_541\Debug\ZumoBot.a(L2.o)
 .debug_frame   0x00001e44       0x50 .\CortexM3\ARM_GCC_541\Debug\ZumoBot.a(R2.o)
 .debug_frame   0x00001e94       0x30 .\CortexM3\ARM_GCC_541\Debug\ZumoBot.a(Control_Reg_1.o)
 .debug_frame   0x00001ec4       0xe0 .\CortexM3\ARM_GCC_541\Debug\ZumoBot.a(UART_1_IntClock.o)
 .debug_frame   0x00001fa4      0x100 .\CortexM3\ARM_GCC_541\Debug\ZumoBot.a(ADC_Battery_theACLK.o)
 .debug_frame   0x000020a4      0x738 .\CortexM3\ARM_GCC_541\Debug\ZumoBot.a(CyLib.o)
 .debug_frame   0x000027dc      0x1f8 .\CortexM3\ARM_GCC_541\Debug\ZumoBot.a(cyPm.o)
 .debug_frame   0x000029d4       0x20 .\CortexM3\ARM_GCC_541\Debug\ZumoBot.a(cyutils.o)
 .debug_frame   0x000029f4      0x194 .\CortexM3\ARM_GCC_541\Debug\ZumoBot.a(CyFlash.o)
 .debug_frame   0x00002b88      0x180 .\CortexM3\ARM_GCC_541\Debug\ZumoBot.a(CySpc.o)
 .debug_frame   0x00002d08       0x20 c:/program files (x86)/cypress/psoc creator/4.2/psoc creator/import/gnu/arm/5.4.1/bin/../lib/gcc/arm-none-eabi/5.4.1/../../../../arm-none-eabi/lib/armv7-m\libm.a(lib_a-w_atan2.o)
 .debug_frame   0x00002d28       0x4c c:/program files (x86)/cypress/psoc creator/4.2/psoc creator/import/gnu/arm/5.4.1/bin/../lib/gcc/arm-none-eabi/5.4.1/../../../../arm-none-eabi/lib/armv7-m\libm.a(lib_a-w_pow.o)